Archive member included to satisfy reference by file (symbol)

c:/st/stm32cubeide_1.4.0/stm32cubeide/plugins/com.st.stm32cube.ide.mcu.externaltools.gnu-tools-for-stm32.7-2018-q2-update.win32_1.4.0.202007081208/tools/bin/../lib/gcc/arm-none-eabi/7.3.1/../../../../arm-none-eabi/lib/thumb/v7-m\libc_nano.a(lib_a-errno.o)
                              Src/syscalls.o (__errno)
c:/st/stm32cubeide_1.4.0/stm32cubeide/plugins/com.st.stm32cube.ide.mcu.externaltools.gnu-tools-for-stm32.7-2018-q2-update.win32_1.4.0.202007081208/tools/bin/../lib/gcc/arm-none-eabi/7.3.1/../../../../arm-none-eabi/lib/thumb/v7-m\libc_nano.a(lib_a-exit.o)
                              c:/st/stm32cubeide_1.4.0/stm32cubeide/plugins/com.st.stm32cube.ide.mcu.externaltools.gnu-tools-for-stm32.7-2018-q2-update.win32_1.4.0.202007081208/tools/bin/../lib/gcc/arm-none-eabi/7.3.1/../../../../arm-none-eabi/lib/thumb/v7-m/crt0.o (exit)
c:/st/stm32cubeide_1.4.0/stm32cubeide/plugins/com.st.stm32cube.ide.mcu.externaltools.gnu-tools-for-stm32.7-2018-q2-update.win32_1.4.0.202007081208/tools/bin/../lib/gcc/arm-none-eabi/7.3.1/../../../../arm-none-eabi/lib/thumb/v7-m\libc_nano.a(lib_a-impure.o)
                              c:/st/stm32cubeide_1.4.0/stm32cubeide/plugins/com.st.stm32cube.ide.mcu.externaltools.gnu-tools-for-stm32.7-2018-q2-update.win32_1.4.0.202007081208/tools/bin/../lib/gcc/arm-none-eabi/7.3.1/../../../../arm-none-eabi/lib/thumb/v7-m\libc_nano.a(lib_a-exit.o) (_global_impure_ptr)
c:/st/stm32cubeide_1.4.0/stm32cubeide/plugins/com.st.stm32cube.ide.mcu.externaltools.gnu-tools-for-stm32.7-2018-q2-update.win32_1.4.0.202007081208/tools/bin/../lib/gcc/arm-none-eabi/7.3.1/../../../../arm-none-eabi/lib/thumb/v7-m\libc_nano.a(lib_a-init.o)
                              c:/st/stm32cubeide_1.4.0/stm32cubeide/plugins/com.st.stm32cube.ide.mcu.externaltools.gnu-tools-for-stm32.7-2018-q2-update.win32_1.4.0.202007081208/tools/bin/../lib/gcc/arm-none-eabi/7.3.1/../../../../arm-none-eabi/lib/thumb/v7-m/crt0.o (__libc_init_array)
c:/st/stm32cubeide_1.4.0/stm32cubeide/plugins/com.st.stm32cube.ide.mcu.externaltools.gnu-tools-for-stm32.7-2018-q2-update.win32_1.4.0.202007081208/tools/bin/../lib/gcc/arm-none-eabi/7.3.1/../../../../arm-none-eabi/lib/thumb/v7-m\libc_nano.a(lib_a-memset.o)
                              c:/st/stm32cubeide_1.4.0/stm32cubeide/plugins/com.st.stm32cube.ide.mcu.externaltools.gnu-tools-for-stm32.7-2018-q2-update.win32_1.4.0.202007081208/tools/bin/../lib/gcc/arm-none-eabi/7.3.1/../../../../arm-none-eabi/lib/thumb/v7-m/crt0.o (memset)
c:/st/stm32cubeide_1.4.0/stm32cubeide/plugins/com.st.stm32cube.ide.mcu.externaltools.gnu-tools-for-stm32.7-2018-q2-update.win32_1.4.0.202007081208/tools/bin/../lib/gcc/arm-none-eabi/7.3.1/../../../../arm-none-eabi/lib/thumb/v7-m\libc_nano.a(lib_a-sprintf.o)
                              HAL/LCD.o (sprintf)
c:/st/stm32cubeide_1.4.0/stm32cubeide/plugins/com.st.stm32cube.ide.mcu.externaltools.gnu-tools-for-stm32.7-2018-q2-update.win32_1.4.0.202007081208/tools/bin/../lib/gcc/arm-none-eabi/7.3.1/../../../../arm-none-eabi/lib/thumb/v7-m\libc_nano.a(lib_a-nano-svfprintf.o)
                              c:/st/stm32cubeide_1.4.0/stm32cubeide/plugins/com.st.stm32cube.ide.mcu.externaltools.gnu-tools-for-stm32.7-2018-q2-update.win32_1.4.0.202007081208/tools/bin/../lib/gcc/arm-none-eabi/7.3.1/../../../../arm-none-eabi/lib/thumb/v7-m\libc_nano.a(lib_a-sprintf.o) (_svfprintf_r)
c:/st/stm32cubeide_1.4.0/stm32cubeide/plugins/com.st.stm32cube.ide.mcu.externaltools.gnu-tools-for-stm32.7-2018-q2-update.win32_1.4.0.202007081208/tools/bin/../lib/gcc/arm-none-eabi/7.3.1/../../../../arm-none-eabi/lib/thumb/v7-m\libc_nano.a(lib_a-nano-vfprintf_i.o)
                              c:/st/stm32cubeide_1.4.0/stm32cubeide/plugins/com.st.stm32cube.ide.mcu.externaltools.gnu-tools-for-stm32.7-2018-q2-update.win32_1.4.0.202007081208/tools/bin/../lib/gcc/arm-none-eabi/7.3.1/../../../../arm-none-eabi/lib/thumb/v7-m\libc_nano.a(lib_a-nano-svfprintf.o) (_printf_i)
c:/st/stm32cubeide_1.4.0/stm32cubeide/plugins/com.st.stm32cube.ide.mcu.externaltools.gnu-tools-for-stm32.7-2018-q2-update.win32_1.4.0.202007081208/tools/bin/../lib/gcc/arm-none-eabi/7.3.1/../../../../arm-none-eabi/lib/thumb/v7-m\libc_nano.a(lib_a-memchr-stub.o)
                              c:/st/stm32cubeide_1.4.0/stm32cubeide/plugins/com.st.stm32cube.ide.mcu.externaltools.gnu-tools-for-stm32.7-2018-q2-update.win32_1.4.0.202007081208/tools/bin/../lib/gcc/arm-none-eabi/7.3.1/../../../../arm-none-eabi/lib/thumb/v7-m\libc_nano.a(lib_a-nano-svfprintf.o) (memchr)
c:/st/stm32cubeide_1.4.0/stm32cubeide/plugins/com.st.stm32cube.ide.mcu.externaltools.gnu-tools-for-stm32.7-2018-q2-update.win32_1.4.0.202007081208/tools/bin/../lib/gcc/arm-none-eabi/7.3.1/../../../../arm-none-eabi/lib/thumb/v7-m\libc_nano.a(lib_a-memcpy-stub.o)
[...]
Memory Configuration

Name             Origin             Length             Attributes
RAM              0x0000000020000000 0x0000000000002800 xrw
ROM              0x0000000008000000 0x0000000000008000 xr
*default*        0x0000000000000000 0xffffffffffffffff

Linker script and memory map

LOAD c:/st/stm32cubeide_1.4.0/stm32cubeide/plugins/com.st.stm32cube.ide.mcu.externaltools.gnu-tools-for-stm32.7-2018-q2-update.win32_1.4.0.202007081208/tools/bin/../lib/gcc/arm-none-eabi/7.3.1/thumb/v7-m/crti.o
LOAD c:/st/stm32cubeide_1.4.0/stm32cubeide/plugins/com.st.stm32cube.ide.mcu.externaltools.gnu-tools-for-stm32.7-2018-q2-update.win32_1.4.0.202007081208/tools/bin/../lib/gcc/arm-none-eabi/7.3.1/thumb/v7-m/crtbegin.o
LOAD c:/st/stm32cubeide_1.4.0/stm32cubeide/plugins/com.st.stm32cube.ide.mcu.externaltools.gnu-tools-for-stm32.7-2018-q2-update.win32_1.4.0.202007081208/tools/bin/../lib/gcc/arm-none-eabi/7.3.1/../../../../arm-none-eabi/lib/thumb/v7-m/crt0.o
LOAD HAL/Key_pad.o
LOAD HAL/LCD.o
LOAD Src/main.o
LOAD Src/syscalls.o
LOAD Src/sysmem.o
LOAD Startup/startup_stm32f103c6tx.o
LOAD Stm32f103c6_Drivers/Stm32f103c6_EXTI_Driver.o
LOAD Stm32f103c6_Drivers/Stm32f103c6_GPIO_Driver.o
LOAD Stm32f103c6_Drivers/Stm32f103c6_RCC_Driver.o
LOAD Stm32f103c6_Drivers/Stm32f103c6_SPI_Driver.o
LOAD Stm32f103c6_Drivers/Stm32f103c6_USART_Driver.o
START GROUP
LOAD c:/st/stm32cubeide_1.4.0/stm32cubeide/plugins/com.st.stm32cube.ide.mcu.externaltools.gnu-tools-for-stm32.7-2018-q2-update.win32_1.4.0.202007081208/tools/bin/../lib/gcc/arm-none-eabi/7.3.1/../../../../arm-none-eabi/lib/thumb/v7-m\libc_nano.a
LOAD c:/st/stm32cubeide_1.4.0/stm32cubeide/plugins/com.st.stm32cube.ide.mcu.externaltools.gnu-tools-for-stm32.7-2018-q2-update.win32_1.4.0.202007081208/tools/bin/../lib/gcc/arm-none-eabi/7.3.1/../../../../arm-none-eabi/lib/thumb/v7-m\libm.a
END GROUP
START GROUP
LOAD c:/st/stm32cubeide_1.4.0/stm32cubeide/plugins/com.st.stm32cube.ide.mcu.externaltools.gnu-tools-for-stm32.7-2018-q2-update.win32_1.4.0.202007081208/tools/bin/../lib/gcc/arm-none-eabi/7.3.1/thumb/v7-m\libgcc.a
LOAD c:/st/stm32cubeide_1.4.0/stm32cubeide/plugins/com.st.stm32cube.ide.mcu.externaltools.gnu-tools-for-stm32.7-2018-q2-update.win32_1.4.0.202007081208/tools/bin/../lib/gcc/arm-none-eabi/7.3.1/../../../../arm-none-eabi/lib/thumb/v7-m\libg_nano.a
LOAD c:/st/stm32cubeide_1.4.0/stm32cubeide/plugins/com.st.stm32cube.ide.mcu.externaltools.gnu-tools-for-stm32.7-2018-q2-update.win32_1.4.0.202007081208/tools/bin/../lib/gcc/arm-none-eabi/7.3.1/../../../../arm-none-eabi/lib/thumb/v7-m\libc_nano.a
END GROUP
START GROUP
LOAD c:/st/stm32cubeide_1.4.0/stm32cubeide/plugins/com.st.stm32cube.ide.mcu.externaltools.gnu-tools-for-stm32.7-2018-q2-update.win32_1.4.0.202007081208/tools/bin/../lib/gcc/arm-none-eabi/7.3.1/thumb/v7-m\libgcc.a
LOAD c:/st/stm32cubeide_1.4.0/stm32cubeide/plugins/com.st.stm32cube.ide.mcu.externaltools.gnu-tools-for-stm32.7-2018-q2-update.win32_1.4.0.202007081208/tools/bin/../lib/gcc/arm-none-eabi/7.3.1/../../../../arm-none-eabi/lib/thumb/v7-m\libc_nano.a
LOAD c:/st/stm32cubeide_1.4.0/stm32cubeide/plugins/com.st.stm32cube.ide.mcu.externaltools.gnu-tools-for-stm32.7-2018-q2-update.win32_1.4.0.202007081208/tools/bin/../lib/gcc/arm-none-eabi/7.3.1/../../../../arm-none-eabi/lib/thumb/v7-m\libnosys.a
END GROUP
START GROUP
LOAD c:/st/stm32cubeide_1.4.0/stm32cubeide/plugins/com.st.stm32cube.ide.mcu.externaltools.gnu-tools-for-stm32.7-2018-q2-update.win32_1.4.0.202007081208/tools/bin/../lib/gcc/arm-none-eabi/7.3.1/thumb/v7-m\libgcc.a
LOAD c:/st/stm32cubeide_1.4.0/stm32cubeide/plugins/com.st.stm32cube.ide.mcu.externaltools.gnu-tools-for-stm32.7-2018-q2-update.win32_1.4.0.202007081208/tools/bin/../lib/gcc/arm-none-eabi/7.3.1/../../../../arm-none-eabi/lib/thumb/v7-m\libc_nano.a
LOAD c:/st/stm32cubeide_1.4.0/stm32cubeide/plugins/com.st.stm32cube.ide.mcu.externaltools.gnu-tools-for-stm32.7-2018-q2-update.win32_1.4.0.202007081208/tools/bin/../lib/gcc/arm-none-eabi/7.3.1/../../../../arm-none-eabi/lib/thumb/v7-m\libnosys.a
END GROUP
LOAD c:/st/stm32cubeide_1.4.0/stm32cubeide/plugins/com.st.stm32cube.ide.mcu.externaltools.gnu-tools-for-stm32.7-2018-q2-update.win32_1.4.0.202007081208/tools/bin/../lib/gcc/arm-none-eabi/7.3.1/thumb/v7-m/crtend.o
LOAD c:/st/stm32cubeide_1.4.0/stm32cubeide/plugins/com.st.stm32cube.ide.mcu.externaltools.gnu-tools-for-stm32.7-2018-q2-update.win32_1.4.0.202007081208/tools/bin/../lib/gcc/arm-none-eabi/7.3.1/thumb/v7-m/crtn.o
                0x0000000020002800                _estack = (ORIGIN (RAM) + LENGTH (RAM))
                0x0000000000000200                _Min_Heap_Size = 0x200
                0x0000000000000400                _Min_Stack_Size = 0x400

.isr_vector     0x0000000008000000      0x130
                0x0000000008000000                . = ALIGN (0x4)
 *(.isr_vector)
 .isr_vector    0x0000000008000000      0x130 Startup/startup_stm32f103c6tx.o
                0x0000000008000000                g_pfnVectors
                0x0000000008000130                . = ALIGN (0x4)

.text           0x0000000008000130      0xdec
                0x0000000008000130                . = ALIGN (0x4)
 *(.text)
 .text          0x0000000008000130       0x40 c:/st/stm32cubeide_1.4.0/stm32cubeide/plugins/com.st.stm32cube.ide.mcu.externaltools.gnu-tools-for-stm32.7-2018-q2-update.win32_1.4.0.202007081208/tools/bin/../lib/gcc/arm-none-eabi/7.3.1/thumb/v7-m/crtbegin.o
 *(.text*)
 .text.clock_init
                0x0000000008000170       0x34 Src/main.o
                0x0000000008000170                clock_init
 .text.Omar_UART_IRQ_Callback
                0x00000000080001a4       0x4c Src/main.o
                0x00000000080001a4                Omar_UART_IRQ_Callback
 .text.main     0x00000000080001f0       0xb8 Src/main.o
                0x00000000080001f0                main
 .text.Reset_Handler
                0x00000000080002a8       0x50 Startup/startup_stm32f103c6tx.o
                0x00000000080002a8                Reset_Handler
 .text.Default_Handler
                0x00000000080002f8        0x2 Startup/startup_stm32f103c6tx.o
                0x00000000080002f8                TIM8_TRG_COM_IRQHandler
                0x00000000080002f8                TIM8_CC_IRQHandler
                0x00000000080002f8                DebugMon_Handler
                0x00000000080002f8                TIM1_CC_IRQHandler
                0x00000000080002f8                HardFault_Handler
                0x00000000080002f8                TIM6_IRQHandler
                0x00000000080002f8                SysTick_Handler
                0x00000000080002f8                PVD_IRQHandler
                0x00000000080002f8                SDIO_IRQHandler
                0x00000000080002f8                PendSV_Handler
                0x00000000080002f8                NMI_Handler
                0x00000000080002f8                USB_HP_CAN_TX_IRQHandler
                0x00000000080002f8                I2C2_EV_IRQHandler
                0x00000000080002f8                UsageFault_Handler
                0x00000000080002f8                ADC1_2_IRQHandler
                0x00000000080002f8                CAN_SCE_IRQHandler
                0x00000000080002f8                TAMPER_IRQHandler
                0x00000000080002f8                TIM8_UP_IRQHandler
                0x00000000080002f8                DMA2_Channel2_IRQHandler
                0x00000000080002f8                DMA1_Channel4_IRQHandler
                0x00000000080002f8                RTC_IRQHandler
                0x00000000080002f8                DMA1_Channel7_IRQHandler
                0x00000000080002f8                UART5_IRQHandler
                0x00000000080002f8                ADC3_IRQHandler
                0x00000000080002f8                TIM4_IRQHandler
                0x00000000080002f8                CAN_RX1_IRQHandler
                0x00000000080002f8                DMA2_Channel1_IRQHandler
                0x00000000080002f8                I2C1_EV_IRQHandler
                0x00000000080002f8                DMA1_Channel6_IRQHandler
                0x00000000080002f8                UART4_IRQHandler
                0x00000000080002f8                TIM3_IRQHandler
                0x00000000080002f8                RCC_IRQHandler
                0x00000000080002f8                TIM1_TRG_COM_IRQHandler
                0x00000000080002f8                DMA1_Channel1_IRQHandler
                0x00000000080002f8                Default_Handler
                0x00000000080002f8                TIM7_IRQHandler
                0x00000000080002f8                TIM5_IRQHandler
                0x00000000080002f8                USB_LP_CAN_RX0_IRQHandler
                0x00000000080002f8                MemManage_Handler
                0x00000000080002f8                SVC_Handler
                0x00000000080002f8                DMA1_Channel5_IRQHandler
                0x00000000080002f8                DMA1_Channel3_IRQHandler
                0x00000000080002f8                FSMC_IRQHandler
                0x00000000080002f8                TIM1_UP_IRQHandler
                0x00000000080002f8                WWDG_IRQHandler
                0x00000000080002f8                TIM2_IRQHandler
                0x00000000080002f8                TIM1_BRK_IRQHandler
                0x00000000080002f8                RTCAlarm_IRQHandler
                0x00000000080002f8                DMA2_Channel4_5_IRQHandler
                0x00000000080002f8                I2C2_ER_IRQHandler
                0x00000000080002f8                DMA1_Channel2_IRQHandler
                0x00000000080002f8                TIM8_BRK_IRQHandler
                0x00000000080002f8                FLASH_IRQHandler
                0x00000000080002f8                BusFault_Handler
                0x00000000080002f8                SPI3_IRQHandler
                0x00000000080002f8                I2C1_ER_IRQHandler
                0x00000000080002f8                DMA2_Channel3_IRQHandler
 *fill*         0x00000000080002fa        0x2 
 .text.EXTI0_IRQHandler
                0x00000000080002fc       0x24 Stm32f103c6_Drivers/Stm32f103c6_EXTI_Driver.o
                0x00000000080002fc                EXTI0_IRQHandler
 .text.EXTI1_IRQHandler
                0x0000000008000320       0x24 Stm32f103c6_Drivers/Stm32f103c6_EXTI_Driver.o
                0x0000000008000320                EXTI1_IRQHandler
 .text.EXTI2_IRQHandler
                0x0000000008000344       0x24 Stm32f103c6_Drivers/Stm32f103c6_EXTI_Driver.o
                0x0000000008000344                EXTI2_IRQHandler
 .text.EXTI3_IRQHandler
                0x0000000008000368       0x24 Stm32f103c6_Drivers/Stm32f103c6_EXTI_Driver.o
                0x0000000008000368                EXTI3_IRQHandler
 .text.EXTI4_IRQHandler
                0x000000000800038c       0x24 Stm32f103c6_Drivers/Stm32f103c6_EXTI_Driver.o
                0x000000000800038c                EXTI4_IRQHandler
 .text.EXTI9_5_IRQHandler
                0x00000000080003b0       0xa8 Stm32f103c6_Drivers/Stm32f103c6_EXTI_Driver.o
                0x00000000080003b0                EXTI9_5_IRQHandler
 .text.EXTI15_10_IRQHandler
                0x0000000008000458       0xc4 Stm32f103c6_Drivers/Stm32f103c6_EXTI_Driver.o
                0x0000000008000458                EXTI15_10_IRQHandler
 .text.GET_CRLH_position
                0x000000000800051c       0xa6 Stm32f103c6_Drivers/Stm32f103c6_GPIO_Driver.o
                0x000000000800051c                GET_CRLH_position
 .text.MCAL_GPIO_Init
                0x00000000080005c2       0xfe Stm32f103c6_Drivers/Stm32f103c6_GPIO_Driver.o
                0x00000000080005c2                MCAL_GPIO_Init
 .text.MCAL_GPIO_WritePin
                0x00000000080006c0       0x2e Stm32f103c6_Drivers/Stm32f103c6_GPIO_Driver.o
                0x00000000080006c0                MCAL_GPIO_WritePin
 *fill*         0x00000000080006ee        0x2 
 .text.MCAL_RCC_GetSysCLK
                0x00000000080006f0       0x34 Stm32f103c6_Drivers/Stm32f103c6_RCC_Driver.o
                0x00000000080006f0                MCAL_RCC_GetSysCLK
 .text.MCAL_RCC_GetPCLKFreq
                0x0000000008000724       0x28 Stm32f103c6_Drivers/Stm32f103c6_RCC_Driver.o
                0x0000000008000724                MCAL_RCC_GetPCLKFreq
 .text.MCAL_RCC_GetPCLK1Freq
                0x000000000800074c       0x28 Stm32f103c6_Drivers/Stm32f103c6_RCC_Driver.o
                0x000000000800074c                MCAL_RCC_GetPCLK1Freq
 .text.MCAL_RCC_GetPCLK2Freq
                0x0000000008000774       0x28 Stm32f103c6_Drivers/Stm32f103c6_RCC_Driver.o
                0x0000000008000774                MCAL_RCC_GetPCLK2Freq
 .text.MCAL_SPI_init
                0x000000000800079c      0x108 Stm32f103c6_Drivers/Stm32f103c6_SPI_Driver.o
                0x000000000800079c                MCAL_SPI_init
 .text.MCAL_SPI_SendReceive_Data
                0x00000000080008a4       0x56 Stm32f103c6_Drivers/Stm32f103c6_SPI_Driver.o
                0x00000000080008a4                MCAL_SPI_SendReceive_Data
 *fill*         0x00000000080008fa        0x2 
 .text.MCAL_SPI_GPIO_SetPins
                0x00000000080008fc      0x1ec Stm32f103c6_Drivers/Stm32f103c6_SPI_Driver.o
                0x00000000080008fc                MCAL_SPI_GPIO_SetPins
 .text.SPI1_IRQHandler
                0x0000000008000ae8       0x5c Stm32f103c6_Drivers/Stm32f103c6_SPI_Driver.o
                0x0000000008000ae8                SPI1_IRQHandler
 .text.SPI2_IRQHandler
                0x0000000008000b44       0x5c Stm32f103c6_Drivers/Stm32f103c6_SPI_Driver.o
                0x0000000008000b44                SPI2_IRQHandler
 .text.MCAL_UART_init
                0x0000000008000ba0      0x180 Stm32f103c6_Drivers/Stm32f103c6_USART_Driver.o
                0x0000000008000ba0                MCAL_UART_init
 .text.MCAL_UART_GPIO_SetPins
                0x0000000008000d20       0xcc Stm32f103c6_Drivers/Stm32f103c6_USART_Driver.o
                0x0000000008000d20                MCAL_UART_GPIO_SetPins
 .text.MCAL_UART_Send_Data
                0x0000000008000dec       0x38 Stm32f103c6_Drivers/Stm32f103c6_USART_Driver.o
                0x0000000008000dec                MCAL_UART_Send_Data
 .text.MCAL_UART_Receive_Data
                0x0000000008000e24       0x5c Stm32f103c6_Drivers/Stm32f103c6_USART_Driver.o
                0x0000000008000e24                MCAL_UART_Receive_Data
 .text.USART1_IRQHandler
                0x0000000008000e80       0x14 Stm32f103c6_Drivers/Stm32f103c6_USART_Driver.o
                0x0000000008000e80                USART1_IRQHandler
 .text.USART2_IRQHandler
                0x0000000008000e94       0x14 Stm32f103c6_Drivers/Stm32f103c6_USART_Driver.o
                0x0000000008000e94                USART2_IRQHandler
 .text.USART3_IRQHandler
                0x0000000008000ea8       0x14 Stm32f103c6_Drivers/Stm32f103c6_USART_Driver.o
                0x0000000008000ea8                USART3_IRQHandler
 .text.__libc_init_array
                0x0000000008000ebc       0x48 c:/st/stm32cubeide_1.4.0/stm32cubeide/plugins/com.st.stm32cube.ide.mcu.externaltools.gnu-tools-for-stm32.7-2018-q2-update.win32_1.4.0.202007081208/tools/bin/../lib/gcc/arm-none-eabi/7.3.1/../../../../arm-none-eabi/lib/thumb/v7-m\libc_nano.a(lib_a-init.o)
                0x0000000008000ebc                __libc_init_array
 *(.glue_7)
 .glue_7        0x0000000008000f04        0x0 linker stubs
 *(.glue_7t)
 .glue_7t       0x0000000008000f04        0x0 linker stubs
 *(.eh_frame)
 .eh_frame      0x0000000008000f04        0x0 c:/st/stm32cubeide_1.4.0/stm32cubeide/plugins/com.st.stm32cube.ide.mcu.externaltools.gnu-tools-for-stm32.7-2018-q2-update.win32_1.4.0.202007081208/tools/bin/../lib/gcc/arm-none-eabi/7.3.1/thumb/v7-m/crtbegin.o
 *(.init)
 .init          0x0000000008000f04        0x4 c:/st/stm32cubeide_1.4.0/stm32cubeide/plugins/com.st.stm32cube.ide.mcu.externaltools.gnu-tools-for-stm32.7-2018-q2-update.win32_1.4.0.202007081208/tools/bin/../lib/gcc/arm-none-eabi/7.3.1/thumb/v7-m/crti.o
                0x0000000008000f04                _init
 .init          0x0000000008000f08        0x8 c:/st/stm32cubeide_1.4.0/stm32cubeide/plugins/com.st.stm32cube.ide.mcu.externaltools.gnu-tools-for-stm32.7-2018-q2-update.win32_1.4.0.202007081208/tools/bin/../lib/gcc/arm-none-eabi/7.3.1/thumb/v7-m/crtn.o
 *(.fini)
 .fini          0x0000000008000f10        0x4 c:/st/stm32cubeide_1.4.0/stm32cubeide/plugins/com.st.stm32cube.ide.mcu.externaltools.gnu-tools-for-stm32.7-2018-q2-update.win32_1.4.0.202007081208/tools/bin/../lib/gcc/arm-none-eabi/7.3.1/thumb/v7-m/crti.o
                0x0000000008000f10                _fini
 .fini          0x0000000008000f14        0x8 c:/st/stm32cubeide_1.4.0/stm32cubeide/plugins/com.st.stm32cube.ide.mcu.externaltools.gnu-tools-for-stm32.7-2018-q2-update.win32_1.4.0.202007081208/tools/bin/../lib/gcc/arm-none-eabi/7.3.1/thumb/v7-m/crtn.o
                0x0000000008000f1c                . = ALIGN (0x4)
                0x0000000008000f1c                _etext = .

.vfp11_veneer   0x0000000008000f1c        0x0
 .vfp11_veneer  0x0000000008000f1c        0x0 linker stubs

.v4_bx          0x0000000008000f1c        0x0
 .v4_bx         0x0000000008000f1c        0x0 linker stubs

.iplt           0x0000000008000f1c        0x0
 .iplt          0x0000000008000f1c        0x0 c:/st/stm32cubeide_1.4.0/stm32cubeide/plugins/com.st.stm32cube.ide.mcu.externaltools.gnu-tools-for-stm32.7-2018-q2-update.win32_1.4.0.202007081208/tools/bin/../lib/gcc/arm-none-eabi/7.3.1/thumb/v7-m/crtbegin.o

.rodata         0x0000000008000f1c       0x1c
                0x0000000008000f1c                . = ALIGN (0x4)
 *(.rodata)
 *(.rodata*)
 .rodata.APB_Prescaler
                0x0000000008000f1c        0x8 Stm32f103c6_Drivers/Stm32f103c6_RCC_Driver.o
                0x0000000008000f1c                APB_Prescaler
 .rodata.AHB_Prescaler
                0x0000000008000f24       0x11 Stm32f103c6_Drivers/Stm32f103c6_RCC_Driver.o
                0x0000000008000f24                AHB_Prescaler
                0x0000000008000f38                . = ALIGN (0x4)
 *fill*         0x0000000008000f35        0x3 

.rel.dyn        0x0000000008000f38        0x0
 .rel.iplt      0x0000000008000f38        0x0 c:/st/stm32cubeide_1.4.0/stm32cubeide/plugins/com.st.stm32cube.ide.mcu.externaltools.gnu-tools-for-stm32.7-2018-q2-update.win32_1.4.0.202007081208/tools/bin/../lib/gcc/arm-none-eabi/7.3.1/thumb/v7-m/crtbegin.o

.ARM.extab      0x0000000008000f38        0x0
                0x0000000008000f38                . = ALIGN (0x4)
 *(.ARM.extab* .gnu.linkonce.armextab.*)
                0x0000000008000f38                . = ALIGN (0x4)

.ARM            0x0000000008000f38        0x0
                0x0000000008000f38                . = ALIGN (0x4)
                0x0000000008000f38                __exidx_start = .
 *(.ARM.exidx*)
                0x0000000008000f38                __exidx_end = .
                0x0000000008000f38                . = ALIGN (0x4)

.preinit_array  0x0000000008000f38        0x0
                0x0000000008000f38                . = ALIGN (0x4)
                0x0000000008000f38                PROVIDE (__preinit_array_start = .)
 *(.preinit_array*)
                0x0000000008000f38                PROVIDE (__preinit_array_end = .)
                0x0000000008000f38                . = ALIGN (0x4)

.init_array     0x0000000008000f38        0x4
                0x0000000008000f38                . = ALIGN (0x4)
                0x0000000008000f38                PROVIDE (__init_array_start = .)
 *(SORT_BY_NAME(.init_array.*))
 *(.init_array*)
 .init_array    0x0000000008000f38        0x4 c:/st/stm32cubeide_1.4.0/stm32cubeide/plugins/com.st.stm32cube.ide.mcu.externaltools.gnu-tools-for-stm32.7-2018-q2-update.win32_1.4.0.202007081208/tools/bin/../lib/gcc/arm-none-eabi/7.3.1/thumb/v7-m/crtbegin.o
                0x0000000008000f3c                PROVIDE (__init_array_end = .)
                0x0000000008000f3c                . = ALIGN (0x4)

.fini_array     0x0000000008000f3c        0x4
                0x0000000008000f3c                . = ALIGN (0x4)
                [!provide]                        PROVIDE (__fini_array_start = .)
 *(SORT_BY_NAME(.fini_array.*))
 *(.fini_array*)
 .fini_array    0x0000000008000f3c        0x4 c:/st/stm32cubeide_1.4.0/stm32cubeide/plugins/com.st.stm32cube.ide.mcu.externaltools.gnu-tools-for-stm32.7-2018-q2-update.win32_1.4.0.202007081208/tools/bin/../lib/gcc/arm-none-eabi/7.3.1/thumb/v7-m/crtbegin.o
                [!provide]                        PROVIDE (__fini_array_end = .)
                0x0000000008000f40                . = ALIGN (0x4)
                0x0000000008000f40                _sidata = LOADADDR (.data)

.data           0x0000000020000000        0x0 load address 0x0000000008000f40
                0x0000000020000000                . = ALIGN (0x4)
                0x0000000020000000                _sdata = .
 *(.data)
 *(.data*)
                0x0000000020000000                . = ALIGN (0x4)
                0x0000000020000000                _edata = .

.igot.plt       0x0000000020000000        0x0 load address 0x0000000008000f40
 .igot.plt      0x0000000020000000        0x0 c:/st/stm32cubeide_1.4.0/stm32cubeide/plugins/com.st.stm32cube.ide.mcu.externaltools.gnu-tools-for-stm32.7-2018-q2-update.win32_1.4.0.202007081208/tools/bin/../lib/gcc/arm-none-eabi/7.3.1/thumb/v7-m/crtbegin.o
                0x0000000020000000                . = ALIGN (0x4)

.bss            0x0000000020000000       0x68 load address 0x0000000008000f40
                0x0000000020000000                _sbss = .
                0x0000000020000000                __bss_start__ = _sbss
 *(.bss)
 .bss           0x0000000020000000       0x1c c:/st/stm32cubeide_1.4.0/stm32cubeide/plugins/com.st.stm32cube.ide.mcu.externaltools.gnu-tools-for-stm32.7-2018-q2-update.win32_1.4.0.202007081208/tools/bin/../lib/gcc/arm-none-eabi/7.3.1/thumb/v7-m/crtbegin.o
 *(.bss*)
 .bss.Global_SPI_Config
                0x000000002000001c        0x8 Stm32f103c6_Drivers/Stm32f103c6_SPI_Driver.o
                0x000000002000001c                Global_SPI_Config
 .bss.Global_UART_Config
                0x0000000020000024        0x4 Stm32f103c6_Drivers/Stm32f103c6_USART_Driver.o
                0x0000000020000024                Global_UART_Config
 *(COMMON)
 COMMON         0x0000000020000028        0x1 Src/main.o
                0x0000000020000028                ch
 *fill*         0x0000000020000029        0x3 
 COMMON         0x000000002000002c       0x3c Stm32f103c6_Drivers/Stm32f103c6_EXTI_Driver.o
                0x000000002000002c                GP_IRQ_Call_Back
                0x0000000020000068                . = ALIGN (0x4)
                0x0000000020000068                _ebss = .
                0x0000000020000068                __bss_end__ = _ebss

._user_heap_stack
                0x0000000020000068      0x600 load address 0x0000000008000f40
                0x0000000020000068                . = ALIGN (0x8)
                [!provide]                        PROVIDE (end = .)
                0x0000000020000068                PROVIDE (_end = .)
                0x0000000020000268                . = (. + _Min_Heap_Size)
 *fill*         0x0000000020000068      0x200 
                0x0000000020000668                . = (. + _Min_Stack_Size)
 *fill*         0x0000000020000268      0x400 
                0x0000000020000668                . = ALIGN (0x8)

/DISCARD/
 libc.a(*)
 libm.a(*)
 libgcc.a(*)

.ARM.attributes
                0x0000000000000000       0x29
 *(.ARM.attributes)
 .ARM.attributes
                0x0000000000000000       0x1d c:/st/stm32cubeide_1.4.0/stm32cubeide/plugins/com.st.stm32cube.ide.mcu.externaltools.gnu-tools-for-stm32.7-2018-q2-update.win32_1.4.0.202007081208/tools/bin/../lib/gcc/arm-none-eabi/7.3.1/thumb/v7-m/crti.o
 .ARM.attributes
                0x000000000000001d       0x2d c:/st/stm32cubeide_1.4.0/stm32cubeide/plugins/com.st.stm32cube.ide.mcu.externaltools.gnu-tools-for-stm32.7-2018-q2-update.win32_1.4.0.202007081208/tools/bin/../lib/gcc/arm-none-eabi/7.3.1/thumb/v7-m/crtbegin.o
 .ARM.attributes
                0x000000000000004a       0x33 Src/main.o
 .ARM.attributes
                0x000000000000007d       0x21 Startup/startup_stm32f103c6tx.o
 .ARM.attributes
                0x000000000000009e       0x33 Stm32f103c6_Drivers/Stm32f103c6_EXTI_Driver.o
 .ARM.attributes
                0x00000000000000d1       0x33 Stm32f103c6_Drivers/Stm32f103c6_GPIO_Driver.o
 .ARM.attributes
                0x0000000000000104       0x33 Stm32f103c6_Drivers/Stm32f103c6_RCC_Driver.o
 .ARM.attributes
                0x0000000000000137       0x33 Stm32f103c6_Drivers/Stm32f103c6_SPI_Driver.o
 .ARM.attributes
                0x000000000000016a       0x33 Stm32f103c6_Drivers/Stm32f103c6_USART_Driver.o
 .ARM.attributes
                0x000000000000019d       0x2d c:/st/stm32cubeide_1.4.0/stm32cubeide/plugins/com.st.stm32cube.ide.mcu.externaltools.gnu-tools-for-stm32.7-2018-q2-update.win32_1.4.0.202007081208/tools/bin/../lib/gcc/arm-none-eabi/7.3.1/../../../../arm-none-eabi/lib/thumb/v7-m\libc_nano.a(lib_a-init.o)
 .ARM.attributes
                0x00000000000001ca       0x1d c:/st/stm32cubeide_1.4.0/stm32cubeide/plugins/com.st.stm32cube.ide.mcu.externaltools.gnu-tools-for-stm32.7-2018-q2-update.win32_1.4.0.202007081208/tools/bin/../lib/gcc/arm-none-eabi/7.3.1/thumb/v7-m/crtn.o
OUTPUT(Drivers.elf elf32-littlearm)

.debug_info     0x0000000000000000     0x5177
 .debug_info    0x0000000000000000      0xe6d Src/main.o
 .debug_info    0x0000000000000e6d       0x22 Startup/startup_stm32f103c6tx.o
 .debug_info    0x0000000000000e8f      0xdbe Stm32f103c6_Drivers/Stm32f103c6_EXTI_Driver.o
 .debug_info    0x0000000000001c4d      0xd53 Stm32f103c6_Drivers/Stm32f103c6_GPIO_Driver.o
 .debug_info    0x00000000000029a0      0xb09 Stm32f103c6_Drivers/Stm32f103c6_RCC_Driver.o
 .debug_info    0x00000000000034a9      0xed6 Stm32f103c6_Drivers/Stm32f103c6_SPI_Driver.o
 .debug_info    0x000000000000437f      0xdf8 Stm32f103c6_Drivers/Stm32f103c6_USART_Driver.o

.debug_abbrev   0x0000000000000000      0xc59
 .debug_abbrev  0x0000000000000000      0x213 Src/main.o
 .debug_abbrev  0x0000000000000213       0x12 Startup/startup_stm32f103c6tx.o
 .debug_abbrev  0x0000000000000225      0x219 Stm32f103c6_Drivers/Stm32f103c6_EXTI_Driver.o
 .debug_abbrev  0x000000000000043e      0x218 Stm32f103c6_Drivers/Stm32f103c6_GPIO_Driver.o
 .debug_abbrev  0x0000000000000656      0x19b Stm32f103c6_Drivers/Stm32f103c6_RCC_Driver.o
 .debug_abbrev  0x00000000000007f1      0x23c Stm32f103c6_Drivers/Stm32f103c6_SPI_Driver.o
 .debug_abbrev  0x0000000000000a2d      0x22c Stm32f103c6_Drivers/Stm32f103c6_USART_Driver.o

.debug_loc      0x0000000000000000      0xd10
 .debug_loc     0x0000000000000000       0xa8 Src/main.o
 .debug_loc     0x00000000000000a8      0x320 Stm32f103c6_Drivers/Stm32f103c6_EXTI_Driver.o
 .debug_loc     0x00000000000003c8      0x330 Stm32f103c6_Drivers/Stm32f103c6_GPIO_Driver.o
 .debug_loc     0x00000000000006f8       0xc8 Stm32f103c6_Drivers/Stm32f103c6_RCC_Driver.o
 .debug_loc     0x00000000000007c0      0x2bc Stm32f103c6_Drivers/Stm32f103c6_SPI_Driver.o
 .debug_loc     0x0000000000000a7c      0x294 Stm32f103c6_Drivers/Stm32f103c6_USART_Driver.o

.debug_aranges  0x0000000000000000      0x228
 .debug_aranges
                0x0000000000000000       0x30 Src/main.o
 .debug_aranges
                0x0000000000000030       0x28 Startup/startup_stm32f103c6tx.o
 .debug_aranges
                0x0000000000000058       0x80 Stm32f103c6_Drivers/Stm32f103c6_EXTI_Driver.o
 .debug_aranges
                0x00000000000000d8       0x60 Stm32f103c6_Drivers/Stm32f103c6_GPIO_Driver.o
 .debug_aranges
                0x0000000000000138       0x38 Stm32f103c6_Drivers/Stm32f103c6_RCC_Driver.o
 .debug_aranges
                0x0000000000000170       0x58 Stm32f103c6_Drivers/Stm32f103c6_SPI_Driver.o
 .debug_aranges
                0x00000000000001c8       0x60 Stm32f103c6_Drivers/Stm32f103c6_USART_Driver.o

.debug_ranges   0x0000000000000000      0x1c0
 .debug_ranges  0x0000000000000000       0x20 Src/main.o
 .debug_ranges  0x0000000000000020       0x20 Startup/startup_stm32f103c6tx.o
 .debug_ranges  0x0000000000000040       0x70 Stm32f103c6_Drivers/Stm32f103c6_EXTI_Driver.o
 .debug_ranges  0x00000000000000b0       0x50 Stm32f103c6_Drivers/Stm32f103c6_GPIO_Driver.o
 .debug_ranges  0x0000000000000100       0x28 Stm32f103c6_Drivers/Stm32f103c6_RCC_Driver.o
 .debug_ranges  0x0000000000000128       0x48 Stm32f103c6_Drivers/Stm32f103c6_SPI_Driver.o
 .debug_ranges  0x0000000000000170       0x50 Stm32f103c6_Drivers/Stm32f103c6_USART_Driver.o

.debug_macro    0x0000000000000000      0xd65
 .debug_macro   0x0000000000000000      0x17d Src/main.o
 .debug_macro   0x000000000000017d      0x220 Src/main.o
 .debug_macro   0x000000000000039d       0x16 Src/main.o
 .debug_macro   0x00000000000003b3       0xdc Src/main.o
 .debug_macro   0x000000000000048f       0xc4 Src/main.o
 .debug_macro   0x0000000000000553      0x14e Stm32f103c6_Drivers/Stm32f103c6_EXTI_Driver.o
 .debug_macro   0x00000000000006a1       0xca Stm32f103c6_Drivers/Stm32f103c6_EXTI_Driver.o
 .debug_macro   0x000000000000076b      0x13f Stm32f103c6_Drivers/Stm32f103c6_GPIO_Driver.o
 .debug_macro   0x00000000000008aa      0x148 Stm32f103c6_Drivers/Stm32f103c6_RCC_Driver.o
 .debug_macro   0x00000000000009f2       0x10 Stm32f103c6_Drivers/Stm32f103c6_RCC_Driver.o
 .debug_macro   0x0000000000000a02      0x154 Stm32f103c6_Drivers/Stm32f103c6_SPI_Driver.o
 .debug_macro   0x0000000000000b56       0xbe Stm32f103c6_Drivers/Stm32f103c6_SPI_Driver.o
 .debug_macro   0x0000000000000c14      0x151 Stm32f103c6_Drivers/Stm32f103c6_USART_Driver.o

.debug_line     0x0000000000000000     0x2782
 .debug_line    0x0000000000000000      0x60e Src/main.o
 .debug_line    0x000000000000060e       0x84 Startup/startup_stm32f103c6tx.o
 .debug_line    0x0000000000000692      0x744 Stm32f103c6_Drivers/Stm32f103c6_EXTI_Driver.o
 .debug_line    0x0000000000000dd6      0x67f Stm32f103c6_Drivers/Stm32f103c6_GPIO_Driver.o
 .debug_line    0x0000000000001455      0x5cb Stm32f103c6_Drivers/Stm32f103c6_RCC_Driver.o
 .debug_line    0x0000000000001a20      0x6b0 Stm32f103c6_Drivers/Stm32f103c6_SPI_Driver.o
 .debug_line    0x00000000000020d0      0x6b2 Stm32f103c6_Drivers/Stm32f103c6_USART_Driver.o

.debug_str      0x0000000000000000     0xa498
 .debug_str     0x0000000000000000     0x9df8 Src/main.o
                                       0xa064 (size before relaxing)
 .debug_str     0x0000000000009df8       0x31 Startup/startup_stm32f103c6tx.o
                                         0x74 (size before relaxing)
 .debug_str     0x0000000000009e29      0x27b Stm32f103c6_Drivers/Stm32f103c6_EXTI_Driver.o
                                       0x968c (size before relaxing)
 .debug_str     0x000000000000a0a4      0x11d Stm32f103c6_Drivers/Stm32f103c6_GPIO_Driver.o
                                       0x81e1 (size before relaxing)
 .debug_str     0x000000000000a1c1       0xa0 Stm32f103c6_Drivers/Stm32f103c6_RCC_Driver.o
                                       0x8146 (size before relaxing)
 .debug_str     0x000000000000a261      0x13b Stm32f103c6_Drivers/Stm32f103c6_SPI_Driver.o
                                       0x874a (size before relaxing)
 .debug_str     0x000000000000a39c       0xfc Stm32f103c6_Drivers/Stm32f103c6_USART_Driver.o
                                       0x887f (size before relaxing)

.comment        0x0000000000000000       0x7b
 .comment       0x0000000000000000       0x7b Src/main.o
                                         0x7c (size before relaxing)
 .comment       0x000000000000007b       0x7c Stm32f103c6_Drivers/Stm32f103c6_EXTI_Driver.o
 .comment       0x000000000000007b       0x7c Stm32f103c6_Drivers/Stm32f103c6_GPIO_Driver.o
 .comment       0x000000000000007b       0x7c Stm32f103c6_Drivers/Stm32f103c6_RCC_Driver.o
 .comment       0x000000000000007b       0x7c Stm32f103c6_Drivers/Stm32f103c6_SPI_Driver.o
 .comment       0x000000000000007b       0x7c Stm32f103c6_Drivers/Stm32f103c6_USART_Driver.o

.debug_frame    0x0000000000000000      0x6d4
 .debug_frame   0x0000000000000000       0x6c Src/main.o
 .debug_frame   0x000000000000006c      0x1b0 Stm32f103c6_Drivers/Stm32f103c6_EXTI_Driver.o
 .debug_frame   0x000000000000021c      0x178 Stm32f103c6_Drivers/Stm32f103c6_GPIO_Driver.o
 .debug_frame   0x0000000000000394       0x84 Stm32f103c6_Drivers/Stm32f103c6_RCC_Driver.o
 .debug_frame   0x0000000000000418      0x144 Stm32f103c6_Drivers/Stm32f103c6_SPI_Driver.o
 .debug_frame   0x000000000000055c      0x14c Stm32f103c6_Drivers/Stm32f103c6_USART_Driver.o
 .debug_frame   0x00000000000006a8       0x2c c:/st/stm32cubeide_1.4.0/stm32cubeide/plugins/com.st.stm32cube.ide.mcu.externaltools.gnu-tools-for-stm32.7-2018-q2-update.win32_1.4.0.202007081208/tools/bin/../lib/gcc/arm-none-eabi/7.3.1/../../../../arm-none-eabi/lib/thumb/v7-m\libc_nano.a(lib_a-init.o)
