Stm32f103c6_EXTI_Driver.c:31:6:Enable_NVIC	16	static
Stm32f103c6_EXTI_Driver.c:75:6:Disable_NVIC	16	static
Stm32f103c6_EXTI_Driver.c:118:6:Update_EXTI	24	static
Stm32f103c6_EXTI_Driver.c:198:6:MCAL_EXTI_GPIO_Init	16	static
Stm32f103c6_EXTI_Driver.c:211:6:MCAL_EXTI_GPIO_DeInit	4	static
Stm32f103c6_EXTI_Driver.c:242:6:MCAL_EXTI_GPIO_Update	16	static
Stm32f103c6_EXTI_Driver.c:254:6:EXTI0_IRQHandler	8	static
Stm32f103c6_EXTI_Driver.c:265:6:EXTI1_IRQHandler	8	static
Stm32f103c6_EXTI_Driver.c:278:6:EXTI2_IRQHandler	8	static
Stm32f103c6_EXTI_Driver.c:291:6:EXTI3_IRQHandler	8	static
Stm32f103c6_EXTI_Driver.c:303:6:EXTI4_IRQHandler	8	static
Stm32f103c6_EXTI_Driver.c:315:6:EXTI9_5_IRQHandler	8	static
Stm32f103c6_EXTI_Driver.c:328:6:EXTI15_10_IRQHandler	8	static
