
Allocating common symbols
Common symbol       size              file

arr2                0x3               main.o

Memory Configuration

Name             Origin             Length             Attributes
flash            0x08000000         0x00020000
sram             0x20000000         0x00005000
*default*        0x00000000         0xffffffff

Linker script and memory map


.text           0x08000000      0x190
 *(.vectors*)
 .vectors       0x08000000       0x1c startup.o
                0x08000000                vectors
 *(.text*)
 .text          0x0800001c       0xbc startup.o
                0x0800001c                default_handler
                0x0800001c                _4_handler
                0x0800001c                _3_handler
                0x0800001c                _2_handler
                0x0800001c                _5_handler
                0x0800001c                _1_handler
                0x08000028                Reset_handler
 .text          0x080000d8       0xb4 main.o
                0x080000d8                main
 *(.rodata)
 .rodata        0x0800018c        0x4 main.o
                0x0800018c                arr1
                0x08000190                _E_text = .

.glue_7         0x08000190        0x0
 .glue_7        0x00000000        0x0 linker stubs

.glue_7t        0x08000190        0x0
 .glue_7t       0x00000000        0x0 linker stubs

.vfp11_veneer   0x08000190        0x0
 .vfp11_veneer  0x00000000        0x0 linker stubs

.v4_bx          0x08000190        0x0
 .v4_bx         0x00000000        0x0 linker stubs

.iplt           0x08000190        0x0
 .iplt          0x00000000        0x0 startup.o

.rel.dyn        0x08000190        0x0
 .rel.iplt      0x00000000        0x0 startup.o

.data           0x20000000        0x4 load address 0x08000190
                0x20000000                _S_data = .
 *(.data)
 .data          0x20000000        0x0 startup.o
 .data          0x20000000        0x4 main.o
                0x20000000                arr
                0x20000004                _E_data = .
                0x20000004                . = ALIGN (0x4)

.igot.plt       0x20000004        0x0 load address 0x08000194
 .igot.plt      0x00000000        0x0 startup.o

.bss            0x20000004     0x1003 load address 0x08000194
                0x20000004                _S_bss = .
 *(.bss*)
 .bss           0x20000004        0x0 startup.o
 .bss           0x20000004        0x0 main.o
                0x20000004                _E_bss = .
                0x20000004                . = ALIGN (0x4)
                0x20001004                . = (. + 0x1000)
 *fill*         0x20000004     0x1000 
                0x20001004                stack_top = .
 COMMON         0x20001004        0x3 main.o
                0x20001004                arr2
LOAD startup.o
LOAD main.o
OUTPUT(Learn-in-depth_cortix-m3.elf elf32-littlearm)

.debug_info     0x00000000      0x26e
 .debug_info    0x00000000      0x173 startup.o
 .debug_info    0x00000173       0xfb main.o

.debug_abbrev   0x00000000      0x15d
 .debug_abbrev  0x00000000       0xc0 startup.o
 .debug_abbrev  0x000000c0       0x9d main.o

.debug_loc      0x00000000       0x9c
 .debug_loc     0x00000000       0x64 startup.o
 .debug_loc     0x00000064       0x38 main.o

.debug_aranges  0x00000000       0x40
 .debug_aranges
                0x00000000       0x20 startup.o
 .debug_aranges
                0x00000020       0x20 main.o

.debug_line     0x00000000      0x149
 .debug_line    0x00000000       0xae startup.o
 .debug_line    0x000000ae       0x9b main.o

.debug_str      0x00000000      0x114
 .debug_str     0x00000000       0xfe startup.o
                                0x132 (size before relaxing)
 .debug_str     0x000000fe       0x16 main.o
                                 0xce (size before relaxing)

.comment        0x00000000       0x11
 .comment       0x00000000       0x11 startup.o
                                 0x12 (size before relaxing)
 .comment       0x00000000       0x12 main.o

.ARM.attributes
                0x00000000       0x33
 .ARM.attributes
                0x00000000       0x33 startup.o
 .ARM.attributes
                0x00000033       0x33 main.o

.debug_frame    0x00000000       0x78
 .debug_frame   0x00000000       0x4c startup.o
 .debug_frame   0x0000004c       0x2c main.o
