Archive member included to satisfy reference by file (symbol)

c:/st/stm32cubeide_1.4.0/stm32cubeide/plugins/com.st.stm32cube.ide.mcu.externaltools.gnu-tools-for-stm32.7-2018-q2-update.win32_1.4.0.202007081208/tools/bin/../lib/gcc/arm-none-eabi/7.3.1/../../../../arm-none-eabi/lib/thumb/v7-m\libc_nano.a(lib_a-errno.o)
                              Src/syscalls.o (__errno)
c:/st/stm32cubeide_1.4.0/stm32cubeide/plugins/com.st.stm32cube.ide.mcu.externaltools.gnu-tools-for-stm32.7-2018-q2-update.win32_1.4.0.202007081208/tools/bin/../lib/gcc/arm-none-eabi/7.3.1/../../../../arm-none-eabi/lib/thumb/v7-m\libc_nano.a(lib_a-exit.o)
                              c:/st/stm32cubeide_1.4.0/stm32cubeide/plugins/com.st.stm32cube.ide.mcu.externaltools.gnu-tools-for-stm32.7-2018-q2-update.win32_1.4.0.202007081208/tools/bin/../lib/gcc/arm-none-eabi/7.3.1/../../../../arm-none-eabi/lib/thumb/v7-m/crt0.o (exit)
c:/st/stm32cubeide_1.4.0/stm32cubeide/plugins/com.st.stm32cube.ide.mcu.externaltools.gnu-tools-for-stm32.7-2018-q2-update.win32_1.4.0.202007081208/tools/bin/../lib/gcc/arm-none-eabi/7.3.1/../../../../arm-none-eabi/lib/thumb/v7-m\libc_nano.a(lib_a-impure.o)
                              c:/st/stm32cubeide_1.4.0/stm32cubeide/plugins/com.st.stm32cube.ide.mcu.externaltools.gnu-tools-for-stm32.7-2018-q2-update.win32_1.4.0.202007081208/tools/bin/../lib/gcc/arm-none-eabi/7.3.1/../../../../arm-none-eabi/lib/thumb/v7-m\libc_nano.a(lib_a-exit.o) (_global_impure_ptr)
c:/st/stm32cubeide_1.4.0/stm32cubeide/plugins/com.st.stm32cube.ide.mcu.externaltools.gnu-tools-for-stm32.7-2018-q2-update.win32_1.4.0.202007081208/tools/bin/../lib/gcc/arm-none-eabi/7.3.1/../../../../arm-none-eabi/lib/thumb/v7-m\libc_nano.a(lib_a-init.o)
                              c:/st/stm32cubeide_1.4.0/stm32cubeide/plugins/com.st.stm32cube.ide.mcu.externaltools.gnu-tools-for-stm32.7-2018-q2-update.win32_1.4.0.202007081208/tools/bin/../lib/gcc/arm-none-eabi/7.3.1/../../../../arm-none-eabi/lib/thumb/v7-m/crt0.o (__libc_init_array)
c:/st/stm32cubeide_1.4.0/stm32cubeide/plugins/com.st.stm32cube.ide.mcu.externaltools.gnu-tools-for-stm32.7-2018-q2-update.win32_1.4.0.202007081208/tools/bin/../lib/gcc/arm-none-eabi/7.3.1/../../../../arm-none-eabi/lib/thumb/v7-m\libc_nano.a(lib_a-memset.o)
                              c:/st/stm32cubeide_1.4.0/stm32cubeide/plugins/com.st.stm32cube.ide.mcu.externaltools.gnu-tools-for-stm32.7-2018-q2-update.win32_1.4.0.202007081208/tools/bin/../lib/gcc/arm-none-eabi/7.3.1/../../../../arm-none-eabi/lib/thumb/v7-m/crt0.o (memset)

Allocating common symbols
Common symbol       size              file

PinCfg              0x4               Stm32f103c6_Drivers/KeyPad_Driver/Key_pad.o

Discarded input sections

 .text          0x0000000000000000        0x0 c:/st/stm32cubeide_1.4.0/stm32cubeide/plugins/com.st.stm32cube.ide.mcu.externaltools.gnu-tools-for-stm32.7-2018-q2-update.win32_1.4.0.202007081208/tools/bin/../lib/gcc/arm-none-eabi/7.3.1/thumb/v7-m/crti.o
 .data          0x0000000000000000        0x0 c:/st/stm32cubeide_1.4.0/stm32cubeide/plugins/com.st.stm32cube.ide.mcu.externaltools.gnu-tools-for-stm32.7-2018-q2-update.win32_1.4.0.202007081208/tools/bin/../lib/gcc/arm-none-eabi/7.3.1/thumb/v7-m/crti.o
 .bss           0x0000000000000000        0x0 c:/st/stm32cubeide_1.4.0/stm32cubeide/plugins/com.st.stm32cube.ide.mcu.externaltools.gnu-tools-for-stm32.7-2018-q2-update.win32_1.4.0.202007081208/tools/bin/../lib/gcc/arm-none-eabi/7.3.1/thumb/v7-m/crti.o
 .data          0x0000000000000000        0x4 c:/st/stm32cubeide_1.4.0/stm32cubeide/plugins/com.st.stm32cube.ide.mcu.externaltools.gnu-tools-for-stm32.7-2018-q2-update.win32_1.4.0.202007081208/tools/bin/../lib/gcc/arm-none-eabi/7.3.1/thumb/v7-m/crtbegin.o
 .text          0x0000000000000000       0x74 c:/st/stm32cubeide_1.4.0/stm32cubeide/plugins/com.st.stm32cube.ide.mcu.externaltools.gnu-tools-for-stm32.7-2018-q2-update.win32_1.4.0.202007081208/tools/bin/../lib/gcc/arm-none-eabi/7.3.1/../../../../arm-none-eabi/lib/thumb/v7-m/crt0.o
 .data          0x0000000000000000        0x0 c:/st/stm32cubeide_1.4.0/stm32cubeide/plugins/com.st.stm32cube.ide.mcu.externaltools.gnu-tools-for-stm32.7-2018-q2-update.win32_1.4.0.202007081208/tools/bin/../lib/gcc/arm-none-eabi/7.3.1/../../../../arm-none-eabi/lib/thumb/v7-m/crt0.o
 .bss           0x0000000000000000        0x0 c:/st/stm32cubeide_1.4.0/stm32cubeide/plugins/com.st.stm32cube.ide.mcu.externaltools.gnu-tools-for-stm32.7-2018-q2-update.win32_1.4.0.202007081208/tools/bin/../lib/gcc/arm-none-eabi/7.3.1/../../../../arm-none-eabi/lib/thumb/v7-m/crt0.o
 .ARM.extab     0x0000000000000000        0x0 c:/st/stm32cubeide_1.4.0/stm32cubeide/plugins/com.st.stm32cube.ide.mcu.externaltools.gnu-tools-for-stm32.7-2018-q2-update.win32_1.4.0.202007081208/tools/bin/../lib/gcc/arm-none-eabi/7.3.1/../../../../arm-none-eabi/lib/thumb/v7-m/crt0.o
 .ARM.exidx     0x0000000000000000        0x8 c:/st/stm32cubeide_1.4.0/stm32cubeide/plugins/com.st.stm32cube.ide.mcu.externaltools.gnu-tools-for-stm32.7-2018-q2-update.win32_1.4.0.202007081208/tools/bin/../lib/gcc/arm-none-eabi/7.3.1/../../../../arm-none-eabi/lib/thumb/v7-m/crt0.o
 .ARM.attributes
                0x0000000000000000       0x1b c:/st/stm32cubeide_1.4.0/stm32cubeide/plugins/com.st.stm32cube.ide.mcu.externaltools.gnu-tools-for-stm32.7-2018-q2-update.win32_1.4.0.202007081208/tools/bin/../lib/gcc/arm-none-eabi/7.3.1/../../../../arm-none-eabi/lib/thumb/v7-m/crt0.o
 .group         0x0000000000000000        0xc Src/main.o
 .group         0x0000000000000000        0xc Src/main.o
 .group         0x0000000000000000        0xc Src/main.o
 .group         0x0000000000000000        0xc Src/main.o
 .group         0x0000000000000000        0xc Src/main.o
 .group         0x0000000000000000        0xc Src/main.o
 .group         0x0000000000000000        0xc Src/main.o
 .group         0x0000000000000000        0xc Src/main.o
 .group         0x0000000000000000        0xc Src/main.o
 .group         0x0000000000000000        0xc Src/main.o
 .group         0x0000000000000000        0xc Src/main.o
 .group         0x0000000000000000        0xc Src/main.o
 .group         0x0000000000000000        0xc Src/main.o
 .group         0x0000000000000000        0xc Src/main.o
 .group         0x0000000000000000        0xc Src/main.o
 .group         0x0000000000000000        0xc Src/main.o
 .group         0x0000000000000000        0xc Src/main.o
 .group         0x0000000000000000        0xc Src/main.o
 .group         0x0000000000000000        0xc Src/main.o
 .group         0x0000000000000000        0xc Src/main.o
 .group         0x0000000000000000        0xc Src/main.o
 .group         0x0000000000000000        0xc Src/main.o
 .group         0x0000000000000000        0xc Src/main.o
 .group         0x0000000000000000        0xc Src/main.o
 .group         0x0000000000000000        0xc Src/main.o
 .group         0x0000000000000000        0xc Src/main.o
 .text          0x0000000000000000        0x0 Src/main.o
 .data          0x0000000000000000        0x0 Src/main.o
 .bss           0x0000000000000000        0x0 Src/main.o
 .group         0x0000000000000000        0xc Src/syscalls.o
 .group         0x0000000000000000        0xc Src/syscalls.o
 .group         0x0000000000000000        0xc Src/syscalls.o
 .group         0x0000000000000000        0xc Src/syscalls.o
 .group         0x0000000000000000        0xc Src/syscalls.o
 .group         0x0000000000000000        0xc Src/syscalls.o
 .group         0x0000000000000000        0xc Src/syscalls.o
 .group         0x0000000000000000        0xc Src/syscalls.o
 .group         0x0000000000000000        0xc Src/syscalls.o
 .group         0x0000000000000000        0xc Src/syscalls.o
 .group         0x0000000000000000        0xc Src/syscalls.o
 .group         0x0000000000000000        0xc Src/syscalls.o
 .group         0x0000000000000000        0xc Src/syscalls.o
 .group         0x0000000000000000        0xc Src/syscalls.o
 .group         0x0000000000000000        0xc Src/syscalls.o
 .group         0x0000000000000000        0xc Src/syscalls.o
 .group         0x0000000000000000        0xc Src/syscalls.o
 .group         0x0000000000000000        0xc Src/syscalls.o
 .group         0x0000000000000000        0xc Src/syscalls.o
 .group         0x0000000000000000        0xc Src/syscalls.o
 .group         0x0000000000000000        0xc Src/syscalls.o
 .group         0x0000000000000000        0xc Src/syscalls.o
 .group         0x0000000000000000        0xc Src/syscalls.o
 .group         0x0000000000000000        0xc Src/syscalls.o
 .group         0x0000000000000000        0xc Src/syscalls.o
 .group         0x0000000000000000        0xc Src/syscalls.o
 .group         0x0000000000000000        0xc Src/syscalls.o
 .group         0x0000000000000000        0xc Src/syscalls.o
 .group         0x0000000000000000        0xc Src/syscalls.o
 .group         0x0000000000000000        0xc Src/syscalls.o
 .group         0x0000000000000000        0xc Src/syscalls.o
 .group         0x0000000000000000        0xc Src/syscalls.o
 .group         0x0000000000000000        0xc Src/syscalls.o
 .group         0x0000000000000000        0xc Src/syscalls.o
 .group         0x0000000000000000        0xc Src/syscalls.o
 .group         0x0000000000000000        0xc Src/syscalls.o
 .group         0x0000000000000000        0xc Src/syscalls.o
 .group         0x0000000000000000        0xc Src/syscalls.o
 .group         0x0000000000000000        0xc Src/syscalls.o
 .group         0x0000000000000000        0xc Src/syscalls.o
 .group         0x0000000000000000        0xc Src/syscalls.o
 .group         0x0000000000000000        0xc Src/syscalls.o
 .group         0x0000000000000000        0xc Src/syscalls.o
 .group         0x0000000000000000        0xc Src/syscalls.o
 .text          0x0000000000000000        0x0 Src/syscalls.o
 .data          0x0000000000000000        0x0 Src/syscalls.o
 .bss           0x0000000000000000        0x0 Src/syscalls.o
 .bss.__env     0x0000000000000000        0x4 Src/syscalls.o
 .data.environ  0x0000000000000000        0x4 Src/syscalls.o
 .text.initialise_monitor_handles
                0x0000000000000000        0xc Src/syscalls.o
 .text._getpid  0x0000000000000000        0xe Src/syscalls.o
 .text._kill    0x0000000000000000       0x20 Src/syscalls.o
 .text._exit    0x0000000000000000       0x14 Src/syscalls.o
 .text._read    0x0000000000000000       0x3a Src/syscalls.o
 .text._write   0x0000000000000000       0x38 Src/syscalls.o
 .text._close   0x0000000000000000       0x16 Src/syscalls.o
 .text._fstat   0x0000000000000000       0x1e Src/syscalls.o
 .text._isatty  0x0000000000000000       0x14 Src/syscalls.o
 .text._lseek   0x0000000000000000       0x18 Src/syscalls.o
 .text._open    0x0000000000000000       0x1a Src/syscalls.o
 .text._wait    0x0000000000000000       0x1e Src/syscalls.o
 .text._unlink  0x0000000000000000       0x1e Src/syscalls.o
 .text._times   0x0000000000000000       0x16 Src/syscalls.o
 .text._stat    0x0000000000000000       0x1e Src/syscalls.o
 .text._link    0x0000000000000000       0x20 Src/syscalls.o
 .text._fork    0x0000000000000000       0x16 Src/syscalls.o
 .text._execve  0x0000000000000000       0x22 Src/syscalls.o
 .debug_info    0x0000000000000000     0x1038 Src/syscalls.o
 .debug_abbrev  0x0000000000000000      0x254 Src/syscalls.o
 .debug_loc     0x0000000000000000      0x5b8 Src/syscalls.o
 .debug_aranges
                0x0000000000000000       0xa8 Src/syscalls.o
 .debug_ranges  0x0000000000000000       0x98 Src/syscalls.o
 .debug_macro   0x0000000000000000      0x243 Src/syscalls.o
 .debug_macro   0x0000000000000000      0xa60 Src/syscalls.o
 .debug_macro   0x0000000000000000       0x22 Src/syscalls.o
 .debug_macro   0x0000000000000000       0x40 Src/syscalls.o
 .debug_macro   0x0000000000000000       0x18 Src/syscalls.o
 .debug_macro   0x0000000000000000       0x94 Src/syscalls.o
 .debug_macro   0x0000000000000000       0x3c Src/syscalls.o
 .debug_macro   0x0000000000000000       0x34 Src/syscalls.o
 .debug_macro   0x0000000000000000       0x57 Src/syscalls.o
 .debug_macro   0x0000000000000000      0x174 Src/syscalls.o
 .debug_macro   0x0000000000000000      0x330 Src/syscalls.o
 .debug_macro   0x0000000000000000       0x52 Src/syscalls.o
 .debug_macro   0x0000000000000000       0x1f Src/syscalls.o
 .debug_macro   0x0000000000000000       0x43 Src/syscalls.o
 .debug_macro   0x0000000000000000       0x20 Src/syscalls.o
 .debug_macro   0x0000000000000000      0x1a3 Src/syscalls.o
 .debug_macro   0x0000000000000000       0x10 Src/syscalls.o
 .debug_macro   0x0000000000000000       0x35 Src/syscalls.o
 .debug_macro   0x0000000000000000       0x10 Src/syscalls.o
 .debug_macro   0x0000000000000000       0x10 Src/syscalls.o
 .debug_macro   0x0000000000000000       0x10 Src/syscalls.o
 .debug_macro   0x0000000000000000       0x6a Src/syscalls.o
 .debug_macro   0x0000000000000000       0x1c Src/syscalls.o
 .debug_macro   0x0000000000000000       0x52 Src/syscalls.o
 .debug_macro   0x0000000000000000       0x40 Src/syscalls.o
 .debug_macro   0x0000000000000000       0x10 Src/syscalls.o
 .debug_macro   0x0000000000000000       0x40 Src/syscalls.o
 .debug_macro   0x0000000000000000       0xd7 Src/syscalls.o
 .debug_macro   0x0000000000000000       0x1c Src/syscalls.o
 .debug_macro   0x0000000000000000       0x3d Src/syscalls.o
 .debug_macro   0x0000000000000000       0x35 Src/syscalls.o
 .debug_macro   0x0000000000000000      0x122 Src/syscalls.o
 .debug_macro   0x0000000000000000       0x16 Src/syscalls.o
 .debug_macro   0x0000000000000000       0x16 Src/syscalls.o
 .debug_macro   0x0000000000000000       0x29 Src/syscalls.o
 .debug_macro   0x0000000000000000       0x10 Src/syscalls.o
 .debug_macro   0x0000000000000000      0x241 Src/syscalls.o
 .debug_macro   0x0000000000000000       0x1c Src/syscalls.o
 .debug_macro   0x0000000000000000       0x10 Src/syscalls.o
 .debug_macro   0x0000000000000000       0x10 Src/syscalls.o
 .debug_macro   0x0000000000000000       0x16 Src/syscalls.o
 .debug_macro   0x0000000000000000      0x145 Src/syscalls.o
 .debug_macro   0x0000000000000000      0x189 Src/syscalls.o
 .debug_macro   0x0000000000000000       0x16 Src/syscalls.o
 .debug_macro   0x0000000000000000       0x88 Src/syscalls.o
 .debug_line    0x0000000000000000      0x739 Src/syscalls.o
 .debug_str     0x0000000000000000     0x8883 Src/syscalls.o
 .comment       0x0000000000000000       0x7c Src/syscalls.o
 .debug_frame   0x0000000000000000      0x2ac Src/syscalls.o
 .ARM.attributes
                0x0000000000000000       0x33 Src/syscalls.o
 .group         0x0000000000000000        0xc Src/sysmem.o
 .group         0x0000000000000000        0xc Src/sysmem.o
 .group         0x0000000000000000        0xc Src/sysmem.o
 .group         0x0000000000000000        0xc Src/sysmem.o
 .group         0x0000000000000000        0xc Src/sysmem.o
 .group         0x0000000000000000        0xc Src/sysmem.o
 .group         0x0000000000000000        0xc Src/sysmem.o
 .group         0x0000000000000000        0xc Src/sysmem.o
 .group         0x0000000000000000        0xc Src/sysmem.o
 .group         0x0000000000000000        0xc Src/sysmem.o
 .group         0x0000000000000000        0xc Src/sysmem.o
 .group         0x0000000000000000        0xc Src/sysmem.o
 .group         0x0000000000000000        0xc Src/sysmem.o
 .group         0x0000000000000000        0xc Src/sysmem.o
 .group         0x0000000000000000        0xc Src/sysmem.o
 .group         0x0000000000000000        0xc Src/sysmem.o
 .group         0x0000000000000000        0xc Src/sysmem.o
 .group         0x0000000000000000        0xc Src/sysmem.o
 .group         0x0000000000000000        0xc Src/sysmem.o
 .text          0x0000000000000000        0x0 Src/sysmem.o
 .data          0x0000000000000000        0x0 Src/sysmem.o
 .bss           0x0000000000000000        0x0 Src/sysmem.o
 .bss.__sbrk_heap_end
                0x0000000000000000        0x4 Src/sysmem.o
 .text._sbrk    0x0000000000000000       0x6c Src/sysmem.o
 .debug_info    0x0000000000000000      0xa7c Src/sysmem.o
 .debug_abbrev  0x0000000000000000      0x18e Src/sysmem.o
 .debug_loc     0x0000000000000000       0x50 Src/sysmem.o
 .debug_aranges
                0x0000000000000000       0x20 Src/sysmem.o
 .debug_ranges  0x0000000000000000       0x10 Src/sysmem.o
 .debug_macro   0x0000000000000000       0xee Src/sysmem.o
 .debug_macro   0x0000000000000000      0xa60 Src/sysmem.o
 .debug_macro   0x0000000000000000       0x10 Src/sysmem.o
 .debug_macro   0x0000000000000000       0x22 Src/sysmem.o
 .debug_macro   0x0000000000000000       0x40 Src/sysmem.o
 .debug_macro   0x0000000000000000       0x18 Src/sysmem.o
 .debug_macro   0x0000000000000000       0x94 Src/sysmem.o
 .debug_macro   0x0000000000000000       0x3c Src/sysmem.o
 .debug_macro   0x0000000000000000       0x34 Src/sysmem.o
 .debug_macro   0x0000000000000000      0x174 Src/sysmem.o
 .debug_macro   0x0000000000000000       0x57 Src/sysmem.o
 .debug_macro   0x0000000000000000       0x52 Src/sysmem.o
 .debug_macro   0x0000000000000000       0x1f Src/sysmem.o
 .debug_macro   0x0000000000000000       0x43 Src/sysmem.o
 .debug_macro   0x0000000000000000       0x20 Src/sysmem.o
 .debug_macro   0x0000000000000000      0x1a3 Src/sysmem.o
 .debug_macro   0x0000000000000000      0x23b Src/sysmem.o
 .debug_macro   0x0000000000000000       0xef Src/sysmem.o
 .debug_macro   0x0000000000000000       0x6a Src/sysmem.o
 .debug_macro   0x0000000000000000      0x1df Src/sysmem.o
 .debug_line    0x0000000000000000      0x4c2 Src/sysmem.o
 .debug_str     0x0000000000000000     0x5f51 Src/sysmem.o
 .comment       0x0000000000000000       0x7c Src/sysmem.o
 .debug_frame   0x0000000000000000       0x34 Src/sysmem.o
 .ARM.attributes
                0x0000000000000000       0x33 Src/sysmem.o
 .text          0x0000000000000000       0x14 Startup/startup_stm32f103c6tx.o
 .data          0x0000000000000000        0x0 Startup/startup_stm32f103c6tx.o
 .bss           0x0000000000000000        0x0 Startup/startup_stm32f103c6tx.o
 .group         0x0000000000000000        0xc Stm32f103c6_Drivers/KeyPad_Driver/Key_pad.o
 .group         0x0000000000000000        0xc Stm32f103c6_Drivers/KeyPad_Driver/Key_pad.o
 .group         0x0000000000000000        0xc Stm32f103c6_Drivers/KeyPad_Driver/Key_pad.o
 .group         0x0000000000000000        0xc Stm32f103c6_Drivers/KeyPad_Driver/Key_pad.o
 .group         0x0000000000000000        0xc Stm32f103c6_Drivers/KeyPad_Driver/Key_pad.o
 .group         0x0000000000000000        0xc Stm32f103c6_Drivers/KeyPad_Driver/Key_pad.o
 .group         0x0000000000000000        0xc Stm32f103c6_Drivers/KeyPad_Driver/Key_pad.o
 .group         0x0000000000000000        0xc Stm32f103c6_Drivers/KeyPad_Driver/Key_pad.o
 .group         0x0000000000000000        0xc Stm32f103c6_Drivers/KeyPad_Driver/Key_pad.o
 .group         0x0000000000000000        0xc Stm32f103c6_Drivers/KeyPad_Driver/Key_pad.o
 .group         0x0000000000000000        0xc Stm32f103c6_Drivers/KeyPad_Driver/Key_pad.o
 .group         0x0000000000000000        0xc Stm32f103c6_Drivers/KeyPad_Driver/Key_pad.o
 .group         0x0000000000000000        0xc Stm32f103c6_Drivers/KeyPad_Driver/Key_pad.o
 .group         0x0000000000000000        0xc Stm32f103c6_Drivers/KeyPad_Driver/Key_pad.o
 .group         0x0000000000000000        0xc Stm32f103c6_Drivers/KeyPad_Driver/Key_pad.o
 .group         0x0000000000000000        0xc Stm32f103c6_Drivers/KeyPad_Driver/Key_pad.o
 .group         0x0000000000000000        0xc Stm32f103c6_Drivers/KeyPad_Driver/Key_pad.o
 .group         0x0000000000000000        0xc Stm32f103c6_Drivers/KeyPad_Driver/Key_pad.o
 .group         0x0000000000000000        0xc Stm32f103c6_Drivers/KeyPad_Driver/Key_pad.o
 .group         0x0000000000000000        0xc Stm32f103c6_Drivers/KeyPad_Driver/Key_pad.o
 .group         0x0000000000000000        0xc Stm32f103c6_Drivers/KeyPad_Driver/Key_pad.o
 .group         0x0000000000000000        0xc Stm32f103c6_Drivers/KeyPad_Driver/Key_pad.o
 .group         0x0000000000000000        0xc Stm32f103c6_Drivers/KeyPad_Driver/Key_pad.o
 .group         0x0000000000000000        0xc Stm32f103c6_Drivers/KeyPad_Driver/Key_pad.o
 .group         0x0000000000000000        0xc Stm32f103c6_Drivers/KeyPad_Driver/Key_pad.o
 .text          0x0000000000000000        0x0 Stm32f103c6_Drivers/KeyPad_Driver/Key_pad.o
 .data          0x0000000000000000        0x0 Stm32f103c6_Drivers/KeyPad_Driver/Key_pad.o
 .bss           0x0000000000000000        0x0 Stm32f103c6_Drivers/KeyPad_Driver/Key_pad.o
 .debug_macro   0x0000000000000000      0xa60 Stm32f103c6_Drivers/KeyPad_Driver/Key_pad.o
 .debug_macro   0x0000000000000000       0x18 Stm32f103c6_Drivers/KeyPad_Driver/Key_pad.o
 .debug_macro   0x0000000000000000       0x22 Stm32f103c6_Drivers/KeyPad_Driver/Key_pad.o
 .debug_macro   0x0000000000000000       0x40 Stm32f103c6_Drivers/KeyPad_Driver/Key_pad.o
 .debug_macro   0x0000000000000000       0x94 Stm32f103c6_Drivers/KeyPad_Driver/Key_pad.o
 .debug_macro   0x0000000000000000       0x3c Stm32f103c6_Drivers/KeyPad_Driver/Key_pad.o
 .debug_macro   0x0000000000000000       0x34 Stm32f103c6_Drivers/KeyPad_Driver/Key_pad.o
 .debug_macro   0x0000000000000000       0x16 Stm32f103c6_Drivers/KeyPad_Driver/Key_pad.o
 .debug_macro   0x0000000000000000      0x10e Stm32f103c6_Drivers/KeyPad_Driver/Key_pad.o
 .debug_macro   0x0000000000000000       0x8d Stm32f103c6_Drivers/KeyPad_Driver/Key_pad.o
 .debug_macro   0x0000000000000000       0x57 Stm32f103c6_Drivers/KeyPad_Driver/Key_pad.o
 .debug_macro   0x0000000000000000       0x52 Stm32f103c6_Drivers/KeyPad_Driver/Key_pad.o
 .debug_macro   0x0000000000000000       0x1f Stm32f103c6_Drivers/KeyPad_Driver/Key_pad.o
 .debug_macro   0x0000000000000000       0x43 Stm32f103c6_Drivers/KeyPad_Driver/Key_pad.o
 .debug_macro   0x0000000000000000       0x20 Stm32f103c6_Drivers/KeyPad_Driver/Key_pad.o
 .debug_macro   0x0000000000000000      0x1a3 Stm32f103c6_Drivers/KeyPad_Driver/Key_pad.o
 .debug_macro   0x0000000000000000      0x330 Stm32f103c6_Drivers/KeyPad_Driver/Key_pad.o
 .debug_macro   0x0000000000000000       0x16 Stm32f103c6_Drivers/KeyPad_Driver/Key_pad.o
 .debug_macro   0x0000000000000000       0x29 Stm32f103c6_Drivers/KeyPad_Driver/Key_pad.o
 .debug_macro   0x0000000000000000       0xef Stm32f103c6_Drivers/KeyPad_Driver/Key_pad.o
 .debug_macro   0x0000000000000000       0x6a Stm32f103c6_Drivers/KeyPad_Driver/Key_pad.o
 .debug_macro   0x0000000000000000      0x1df Stm32f103c6_Drivers/KeyPad_Driver/Key_pad.o
 .debug_macro   0x0000000000000000       0xb4 Stm32f103c6_Drivers/KeyPad_Driver/Key_pad.o
 .debug_macro   0x0000000000000000       0xc4 Stm32f103c6_Drivers/KeyPad_Driver/Key_pad.o
 .group         0x0000000000000000        0xc Stm32f103c6_Drivers/LCD_Driver/LCD.o
 .group         0x0000000000000000        0xc Stm32f103c6_Drivers/LCD_Driver/LCD.o
 .group         0x0000000000000000        0xc Stm32f103c6_Drivers/LCD_Driver/LCD.o
 .group         0x0000000000000000        0xc Stm32f103c6_Drivers/LCD_Driver/LCD.o
 .group         0x0000000000000000        0xc Stm32f103c6_Drivers/LCD_Driver/LCD.o
 .group         0x0000000000000000        0xc Stm32f103c6_Drivers/LCD_Driver/LCD.o
 .group         0x0000000000000000        0xc Stm32f103c6_Drivers/LCD_Driver/LCD.o
 .group         0x0000000000000000        0xc Stm32f103c6_Drivers/LCD_Driver/LCD.o
 .group         0x0000000000000000        0xc Stm32f103c6_Drivers/LCD_Driver/LCD.o
 .group         0x0000000000000000        0xc Stm32f103c6_Drivers/LCD_Driver/LCD.o
 .group         0x0000000000000000        0xc Stm32f103c6_Drivers/LCD_Driver/LCD.o
 .group         0x0000000000000000        0xc Stm32f103c6_Drivers/LCD_Driver/LCD.o
 .group         0x0000000000000000        0xc Stm32f103c6_Drivers/LCD_Driver/LCD.o
 .group         0x0000000000000000        0xc Stm32f103c6_Drivers/LCD_Driver/LCD.o
 .group         0x0000000000000000        0xc Stm32f103c6_Drivers/LCD_Driver/LCD.o
 .group         0x0000000000000000        0xc Stm32f103c6_Drivers/LCD_Driver/LCD.o
 .group         0x0000000000000000        0xc Stm32f103c6_Drivers/LCD_Driver/LCD.o
 .group         0x0000000000000000        0xc Stm32f103c6_Drivers/LCD_Driver/LCD.o
 .group         0x0000000000000000        0xc Stm32f103c6_Drivers/LCD_Driver/LCD.o
 .group         0x0000000000000000        0xc Stm32f103c6_Drivers/LCD_Driver/LCD.o
 .group         0x0000000000000000        0xc Stm32f103c6_Drivers/LCD_Driver/LCD.o
 .group         0x0000000000000000        0xc Stm32f103c6_Drivers/LCD_Driver/LCD.o
 .group         0x0000000000000000        0xc Stm32f103c6_Drivers/LCD_Driver/LCD.o
 .group         0x0000000000000000        0xc Stm32f103c6_Drivers/LCD_Driver/LCD.o
 .group         0x0000000000000000        0xc Stm32f103c6_Drivers/LCD_Driver/LCD.o
 .text          0x0000000000000000        0x0 Stm32f103c6_Drivers/LCD_Driver/LCD.o
 .data          0x0000000000000000        0x0 Stm32f103c6_Drivers/LCD_Driver/LCD.o
 .bss           0x0000000000000000        0x0 Stm32f103c6_Drivers/LCD_Driver/LCD.o
 .text.LCD_Custom_charachters
                0x0000000000000000       0x50 Stm32f103c6_Drivers/LCD_Driver/LCD.o
 .debug_macro   0x0000000000000000      0xa60 Stm32f103c6_Drivers/LCD_Driver/LCD.o
 .debug_macro   0x0000000000000000       0x18 Stm32f103c6_Drivers/LCD_Driver/LCD.o
 .debug_macro   0x0000000000000000       0x22 Stm32f103c6_Drivers/LCD_Driver/LCD.o
 .debug_macro   0x0000000000000000       0x40 Stm32f103c6_Drivers/LCD_Driver/LCD.o
 .debug_macro   0x0000000000000000       0x94 Stm32f103c6_Drivers/LCD_Driver/LCD.o
 .debug_macro   0x0000000000000000       0x3c Stm32f103c6_Drivers/LCD_Driver/LCD.o
 .debug_macro   0x0000000000000000       0x34 Stm32f103c6_Drivers/LCD_Driver/LCD.o
 .debug_macro   0x0000000000000000       0x16 Stm32f103c6_Drivers/LCD_Driver/LCD.o
 .debug_macro   0x0000000000000000      0x10e Stm32f103c6_Drivers/LCD_Driver/LCD.o
 .debug_macro   0x0000000000000000       0x8d Stm32f103c6_Drivers/LCD_Driver/LCD.o
 .debug_macro   0x0000000000000000       0x57 Stm32f103c6_Drivers/LCD_Driver/LCD.o
 .debug_macro   0x0000000000000000       0x52 Stm32f103c6_Drivers/LCD_Driver/LCD.o
 .debug_macro   0x0000000000000000       0x1f Stm32f103c6_Drivers/LCD_Driver/LCD.o
 .debug_macro   0x0000000000000000       0x43 Stm32f103c6_Drivers/LCD_Driver/LCD.o
 .debug_macro   0x0000000000000000       0x20 Stm32f103c6_Drivers/LCD_Driver/LCD.o
 .debug_macro   0x0000000000000000      0x1a3 Stm32f103c6_Drivers/LCD_Driver/LCD.o
 .debug_macro   0x0000000000000000      0x330 Stm32f103c6_Drivers/LCD_Driver/LCD.o
 .debug_macro   0x0000000000000000       0x16 Stm32f103c6_Drivers/LCD_Driver/LCD.o
 .debug_macro   0x0000000000000000       0x29 Stm32f103c6_Drivers/LCD_Driver/LCD.o
 .debug_macro   0x0000000000000000       0xef Stm32f103c6_Drivers/LCD_Driver/LCD.o
 .debug_macro   0x0000000000000000       0x6a Stm32f103c6_Drivers/LCD_Driver/LCD.o
 .debug_macro   0x0000000000000000      0x1df Stm32f103c6_Drivers/LCD_Driver/LCD.o
 .debug_macro   0x0000000000000000       0xb4 Stm32f103c6_Drivers/LCD_Driver/LCD.o
 .debug_macro   0x0000000000000000       0xc4 Stm32f103c6_Drivers/LCD_Driver/LCD.o
 .group         0x0000000000000000        0xc Stm32f103c6_Drivers/Stm32f103c6_GPIO_Driver.o
 .group         0x0000000000000000        0xc Stm32f103c6_Drivers/Stm32f103c6_GPIO_Driver.o
 .group         0x0000000000000000        0xc Stm32f103c6_Drivers/Stm32f103c6_GPIO_Driver.o
 .group         0x0000000000000000        0xc Stm32f103c6_Drivers/Stm32f103c6_GPIO_Driver.o
 .group         0x0000000000000000        0xc Stm32f103c6_Drivers/Stm32f103c6_GPIO_Driver.o
 .group         0x0000000000000000        0xc Stm32f103c6_Drivers/Stm32f103c6_GPIO_Driver.o
 .group         0x0000000000000000        0xc Stm32f103c6_Drivers/Stm32f103c6_GPIO_Driver.o
 .group         0x0000000000000000        0xc Stm32f103c6_Drivers/Stm32f103c6_GPIO_Driver.o
 .group         0x0000000000000000        0xc Stm32f103c6_Drivers/Stm32f103c6_GPIO_Driver.o
 .group         0x0000000000000000        0xc Stm32f103c6_Drivers/Stm32f103c6_GPIO_Driver.o
 .group         0x0000000000000000        0xc Stm32f103c6_Drivers/Stm32f103c6_GPIO_Driver.o
 .group         0x0000000000000000        0xc Stm32f103c6_Drivers/Stm32f103c6_GPIO_Driver.o
 .group         0x0000000000000000        0xc Stm32f103c6_Drivers/Stm32f103c6_GPIO_Driver.o
 .group         0x0000000000000000        0xc Stm32f103c6_Drivers/Stm32f103c6_GPIO_Driver.o
 .group         0x0000000000000000        0xc Stm32f103c6_Drivers/Stm32f103c6_GPIO_Driver.o
 .group         0x0000000000000000        0xc Stm32f103c6_Drivers/Stm32f103c6_GPIO_Driver.o
 .group         0x0000000000000000        0xc Stm32f103c6_Drivers/Stm32f103c6_GPIO_Driver.o
 .group         0x0000000000000000        0xc Stm32f103c6_Drivers/Stm32f103c6_GPIO_Driver.o
 .group         0x0000000000000000        0xc Stm32f103c6_Drivers/Stm32f103c6_GPIO_Driver.o
 .group         0x0000000000000000        0xc Stm32f103c6_Drivers/Stm32f103c6_GPIO_Driver.o
 .group         0x0000000000000000        0xc Stm32f103c6_Drivers/Stm32f103c6_GPIO_Driver.o
 .group         0x0000000000000000        0xc Stm32f103c6_Drivers/Stm32f103c6_GPIO_Driver.o
 .group         0x0000000000000000        0xc Stm32f103c6_Drivers/Stm32f103c6_GPIO_Driver.o
 .group         0x0000000000000000        0xc Stm32f103c6_Drivers/Stm32f103c6_GPIO_Driver.o
 .text          0x0000000000000000        0x0 Stm32f103c6_Drivers/Stm32f103c6_GPIO_Driver.o
 .data          0x0000000000000000        0x0 Stm32f103c6_Drivers/Stm32f103c6_GPIO_Driver.o
 .bss           0x0000000000000000        0x0 Stm32f103c6_Drivers/Stm32f103c6_GPIO_Driver.o
 .text.MCAL_GPIO_DeInit
                0x0000000000000000       0xd4 Stm32f103c6_Drivers/Stm32f103c6_GPIO_Driver.o
 .text.MCAL_GPIO_ReadPort
                0x0000000000000000       0x1a Stm32f103c6_Drivers/Stm32f103c6_GPIO_Driver.o
 .text.MCAL_GPIO_TogglePin
                0x0000000000000000       0x22 Stm32f103c6_Drivers/Stm32f103c6_GPIO_Driver.o
 .text.MCAL_GPIO_LockPin
                0x0000000000000000       0x50 Stm32f103c6_Drivers/Stm32f103c6_GPIO_Driver.o
 .debug_macro   0x0000000000000000      0xa60 Stm32f103c6_Drivers/Stm32f103c6_GPIO_Driver.o
 .debug_macro   0x0000000000000000       0x18 Stm32f103c6_Drivers/Stm32f103c6_GPIO_Driver.o
 .debug_macro   0x0000000000000000       0x22 Stm32f103c6_Drivers/Stm32f103c6_GPIO_Driver.o
 .debug_macro   0x0000000000000000       0x40 Stm32f103c6_Drivers/Stm32f103c6_GPIO_Driver.o
 .debug_macro   0x0000000000000000       0x94 Stm32f103c6_Drivers/Stm32f103c6_GPIO_Driver.o
 .debug_macro   0x0000000000000000       0x3c Stm32f103c6_Drivers/Stm32f103c6_GPIO_Driver.o
 .debug_macro   0x0000000000000000       0x34 Stm32f103c6_Drivers/Stm32f103c6_GPIO_Driver.o
 .debug_macro   0x0000000000000000       0x16 Stm32f103c6_Drivers/Stm32f103c6_GPIO_Driver.o
 .debug_macro   0x0000000000000000      0x10e Stm32f103c6_Drivers/Stm32f103c6_GPIO_Driver.o
 .debug_macro   0x0000000000000000       0x8d Stm32f103c6_Drivers/Stm32f103c6_GPIO_Driver.o
 .debug_macro   0x0000000000000000       0x57 Stm32f103c6_Drivers/Stm32f103c6_GPIO_Driver.o
 .debug_macro   0x0000000000000000       0x52 Stm32f103c6_Drivers/Stm32f103c6_GPIO_Driver.o
 .debug_macro   0x0000000000000000       0x1f Stm32f103c6_Drivers/Stm32f103c6_GPIO_Driver.o
 .debug_macro   0x0000000000000000       0x43 Stm32f103c6_Drivers/Stm32f103c6_GPIO_Driver.o
 .debug_macro   0x0000000000000000       0x20 Stm32f103c6_Drivers/Stm32f103c6_GPIO_Driver.o
 .debug_macro   0x0000000000000000      0x1a3 Stm32f103c6_Drivers/Stm32f103c6_GPIO_Driver.o
 .debug_macro   0x0000000000000000      0x330 Stm32f103c6_Drivers/Stm32f103c6_GPIO_Driver.o
 .debug_macro   0x0000000000000000       0x16 Stm32f103c6_Drivers/Stm32f103c6_GPIO_Driver.o
 .debug_macro   0x0000000000000000       0x29 Stm32f103c6_Drivers/Stm32f103c6_GPIO_Driver.o
 .debug_macro   0x0000000000000000       0xef Stm32f103c6_Drivers/Stm32f103c6_GPIO_Driver.o
 .debug_macro   0x0000000000000000       0x6a Stm32f103c6_Drivers/Stm32f103c6_GPIO_Driver.o
 .debug_macro   0x0000000000000000      0x1df Stm32f103c6_Drivers/Stm32f103c6_GPIO_Driver.o
 .debug_macro   0x0000000000000000       0xb4 Stm32f103c6_Drivers/Stm32f103c6_GPIO_Driver.o
 .debug_macro   0x0000000000000000       0xc4 Stm32f103c6_Drivers/Stm32f103c6_GPIO_Driver.o
 .text          0x0000000000000000        0x0 c:/st/stm32cubeide_1.4.0/stm32cubeide/plugins/com.st.stm32cube.ide.mcu.externaltools.gnu-tools-for-stm32.7-2018-q2-update.win32_1.4.0.202007081208/tools/bin/../lib/gcc/arm-none-eabi/7.3.1/../../../../arm-none-eabi/lib/thumb/v7-m\libc_nano.a(lib_a-errno.o)
 .data          0x0000000000000000        0x0 c:/st/stm32cubeide_1.4.0/stm32cubeide/plugins/com.st.stm32cube.ide.mcu.externaltools.gnu-tools-for-stm32.7-2018-q2-update.win32_1.4.0.202007081208/tools/bin/../lib/gcc/arm-none-eabi/7.3.1/../../../../arm-none-eabi/lib/thumb/v7-m\libc_nano.a(lib_a-errno.o)
 .bss           0x0000000000000000        0x0 c:/st/stm32cubeide_1.4.0/stm32cubeide/plugins/com.st.stm32cube.ide.mcu.externaltools.gnu-tools-for-stm32.7-2018-q2-update.win32_1.4.0.202007081208/tools/bin/../lib/gcc/arm-none-eabi/7.3.1/../../../../arm-none-eabi/lib/thumb/v7-m\libc_nano.a(lib_a-errno.o)
 .text.__errno  0x0000000000000000        0xc c:/st/stm32cubeide_1.4.0/stm32cubeide/plugins/com.st.stm32cube.ide.mcu.externaltools.gnu-tools-for-stm32.7-2018-q2-update.win32_1.4.0.202007081208/tools/bin/../lib/gcc/arm-none-eabi/7.3.1/../../../../arm-none-eabi/lib/thumb/v7-m\libc_nano.a(lib_a-errno.o)
 .debug_frame   0x0000000000000000       0x20 c:/st/stm32cubeide_1.4.0/stm32cubeide/plugins/com.st.stm32cube.ide.mcu.externaltools.gnu-tools-for-stm32.7-2018-q2-update.win32_1.4.0.202007081208/tools/bin/../lib/gcc/arm-none-eabi/7.3.1/../../../../arm-none-eabi/lib/thumb/v7-m\libc_nano.a(lib_a-errno.o)
 .ARM.attributes
                0x0000000000000000       0x2d c:/st/stm32cubeide_1.4.0/stm32cubeide/plugins/com.st.stm32cube.ide.mcu.externaltools.gnu-tools-for-stm32.7-2018-q2-update.win32_1.4.0.202007081208/tools/bin/../lib/gcc/arm-none-eabi/7.3.1/../../../../arm-none-eabi/lib/thumb/v7-m\libc_nano.a(lib_a-errno.o)
 .text          0x0000000000000000        0x0 c:/st/stm32cubeide_1.4.0/stm32cubeide/plugins/com.st.stm32cube.ide.mcu.externaltools.gnu-tools-for-stm32.7-2018-q2-update.win32_1.4.0.202007081208/tools/bin/../lib/gcc/arm-none-eabi/7.3.1/../../../../arm-none-eabi/lib/thumb/v7-m\libc_nano.a(lib_a-exit.o)
 .data          0x0000000000000000        0x0 c:/st/stm32cubeide_1.4.0/stm32cubeide/plugins/com.st.stm32cube.ide.mcu.externaltools.gnu-tools-for-stm32.7-2018-q2-update.win32_1.4.0.202007081208/tools/bin/../lib/gcc/arm-none-eabi/7.3.1/../../../../arm-none-eabi/lib/thumb/v7-m\libc_nano.a(lib_a-exit.o)
 .bss           0x0000000000000000        0x0 c:/st/stm32cubeide_1.4.0/stm32cubeide/plugins/com.st.stm32cube.ide.mcu.externaltools.gnu-tools-for-stm32.7-2018-q2-update.win32_1.4.0.202007081208/tools/bin/../lib/gcc/arm-none-eabi/7.3.1/../../../../arm-none-eabi/lib/thumb/v7-m\libc_nano.a(lib_a-exit.o)
 .text.exit     0x0000000000000000       0x28 c:/st/stm32cubeide_1.4.0/stm32cubeide/plugins/com.st.stm32cube.ide.mcu.externaltools.gnu-tools-for-stm32.7-2018-q2-update.win32_1.4.0.202007081208/tools/bin/../lib/gcc/arm-none-eabi/7.3.1/../../../../arm-none-eabi/lib/thumb/v7-m\libc_nano.a(lib_a-exit.o)
 .debug_frame   0x0000000000000000       0x28 c:/st/stm32cubeide_1.4.0/stm32cubeide/plugins/com.st.stm32cube.ide.mcu.externaltools.gnu-tools-for-stm32.7-2018-q2-update.win32_1.4.0.202007081208/tools/bin/../lib/gcc/arm-none-eabi/7.3.1/../../../../arm-none-eabi/lib/thumb/v7-m\libc_nano.a(lib_a-exit.o)
 .ARM.attributes
                0x0000000000000000       0x2d c:/st/stm32cubeide_1.4.0/stm32cubeide/plugins/com.st.stm32cube.ide.mcu.externaltools.gnu-tools-for-stm32.7-2018-q2-update.win32_1.4.0.202007081208/tools/bin/../lib/gcc/arm-none-eabi/7.3.1/../../../../arm-none-eabi/lib/thumb/v7-m\libc_nano.a(lib_a-exit.o)
 .text          0x0000000000000000        0x0 c:/st/stm32cubeide_1.4.0/stm32cubeide/plugins/com.st.stm32cube.ide.mcu.externaltools.gnu-tools-for-stm32.7-2018-q2-update.win32_1.4.0.202007081208/tools/bin/../lib/gcc/arm-none-eabi/7.3.1/../../../../arm-none-eabi/lib/thumb/v7-m\libc_nano.a(lib_a-impure.o)
 .data          0x0000000000000000        0x0 c:/st/stm32cubeide_1.4.0/stm32cubeide/plugins/com.st.stm32cube.ide.mcu.externaltools.gnu-tools-for-stm32.7-2018-q2-update.win32_1.4.0.202007081208/tools/bin/../lib/gcc/arm-none-eabi/7.3.1/../../../../arm-none-eabi/lib/thumb/v7-m\libc_nano.a(lib_a-impure.o)
 .bss           0x0000000000000000        0x0 c:/st/stm32cubeide_1.4.0/stm32cubeide/plugins/com.st.stm32cube.ide.mcu.externaltools.gnu-tools-for-stm32.7-2018-q2-update.win32_1.4.0.202007081208/tools/bin/../lib/gcc/arm-none-eabi/7.3.1/../../../../arm-none-eabi/lib/thumb/v7-m\libc_nano.a(lib_a-impure.o)
 .data._impure_ptr
                0x0000000000000000        0x4 c:/st/stm32cubeide_1.4.0/stm32cubeide/plugins/com.st.stm32cube.ide.mcu.externaltools.gnu-tools-for-stm32.7-2018-q2-update.win32_1.4.0.202007081208/tools/bin/../lib/gcc/arm-none-eabi/7.3.1/../../../../arm-none-eabi/lib/thumb/v7-m\libc_nano.a(lib_a-impure.o)
 .data.impure_data
                0x0000000000000000       0x60 c:/st/stm32cubeide_1.4.0/stm32cubeide/plugins/com.st.stm32cube.ide.mcu.externaltools.gnu-tools-for-stm32.7-2018-q2-update.win32_1.4.0.202007081208/tools/bin/../lib/gcc/arm-none-eabi/7.3.1/../../../../arm-none-eabi/lib/thumb/v7-m\libc_nano.a(lib_a-impure.o)
 .rodata._global_impure_ptr
                0x0000000000000000        0x4 c:/st/stm32cubeide_1.4.0/stm32cubeide/plugins/com.st.stm32cube.ide.mcu.externaltools.gnu-tools-for-stm32.7-2018-q2-update.win32_1.4.0.202007081208/tools/bin/../lib/gcc/arm-none-eabi/7.3.1/../../../../arm-none-eabi/lib/thumb/v7-m\libc_nano.a(lib_a-impure.o)
 .ARM.attributes
                0x0000000000000000       0x2d c:/st/stm32cubeide_1.4.0/stm32cubeide/plugins/com.st.stm32cube.ide.mcu.externaltools.gnu-tools-for-stm32.7-2018-q2-update.win32_1.4.0.202007081208/tools/bin/../lib/gcc/arm-none-eabi/7.3.1/../../../../arm-none-eabi/lib/thumb/v7-m\libc_nano.a(lib_a-impure.o)
 .text          0x0000000000000000        0x0 c:/st/stm32cubeide_1.4.0/stm32cubeide/plugins/com.st.stm32cube.ide.mcu.externaltools.gnu-tools-for-stm32.7-2018-q2-update.win32_1.4.0.202007081208/tools/bin/../lib/gcc/arm-none-eabi/7.3.1/../../../../arm-none-eabi/lib/thumb/v7-m\libc_nano.a(lib_a-init.o)
 .data          0x0000000000000000        0x0 c:/st/stm32cubeide_1.4.0/stm32cubeide/plugins/com.st.stm32cube.ide.mcu.externaltools.gnu-tools-for-stm32.7-2018-q2-update.win32_1.4.0.202007081208/tools/bin/../lib/gcc/arm-none-eabi/7.3.1/../../../../arm-none-eabi/lib/thumb/v7-m\libc_nano.a(lib_a-init.o)
 .bss           0x0000000000000000        0x0 c:/st/stm32cubeide_1.4.0/stm32cubeide/plugins/com.st.stm32cube.ide.mcu.externaltools.gnu-tools-for-stm32.7-2018-q2-update.win32_1.4.0.202007081208/tools/bin/../lib/gcc/arm-none-eabi/7.3.1/../../../../arm-none-eabi/lib/thumb/v7-m\libc_nano.a(lib_a-init.o)
 .text          0x0000000000000000        0x0 c:/st/stm32cubeide_1.4.0/stm32cubeide/plugins/com.st.stm32cube.ide.mcu.externaltools.gnu-tools-for-stm32.7-2018-q2-update.win32_1.4.0.202007081208/tools/bin/../lib/gcc/arm-none-eabi/7.3.1/../../../../arm-none-eabi/lib/thumb/v7-m\libc_nano.a(lib_a-memset.o)
 .data          0x0000000000000000        0x0 c:/st/stm32cubeide_1.4.0/stm32cubeide/plugins/com.st.stm32cube.ide.mcu.externaltools.gnu-tools-for-stm32.7-2018-q2-update.win32_1.4.0.202007081208/tools/bin/../lib/gcc/arm-none-eabi/7.3.1/../../../../arm-none-eabi/lib/thumb/v7-m\libc_nano.a(lib_a-memset.o)
 .bss           0x0000000000000000        0x0 c:/st/stm32cubeide_1.4.0/stm32cubeide/plugins/com.st.stm32cube.ide.mcu.externaltools.gnu-tools-for-stm32.7-2018-q2-update.win32_1.4.0.202007081208/tools/bin/../lib/gcc/arm-none-eabi/7.3.1/../../../../arm-none-eabi/lib/thumb/v7-m\libc_nano.a(lib_a-memset.o)
 .text.memset   0x0000000000000000       0x10 c:/st/stm32cubeide_1.4.0/stm32cubeide/plugins/com.st.stm32cube.ide.mcu.externaltools.gnu-tools-for-stm32.7-2018-q2-update.win32_1.4.0.202007081208/tools/bin/../lib/gcc/arm-none-eabi/7.3.1/../../../../arm-none-eabi/lib/thumb/v7-m\libc_nano.a(lib_a-memset.o)
 .debug_frame   0x0000000000000000       0x20 c:/st/stm32cubeide_1.4.0/stm32cubeide/plugins/com.st.stm32cube.ide.mcu.externaltools.gnu-tools-for-stm32.7-2018-q2-update.win32_1.4.0.202007081208/tools/bin/../lib/gcc/arm-none-eabi/7.3.1/../../../../arm-none-eabi/lib/thumb/v7-m\libc_nano.a(lib_a-memset.o)
 .ARM.attributes
                0x0000000000000000       0x2d c:/st/stm32cubeide_1.4.0/stm32cubeide/plugins/com.st.stm32cube.ide.mcu.externaltools.gnu-tools-for-stm32.7-2018-q2-update.win32_1.4.0.202007081208/tools/bin/../lib/gcc/arm-none-eabi/7.3.1/../../../../arm-none-eabi/lib/thumb/v7-m\libc_nano.a(lib_a-memset.o)
 .text          0x0000000000000000        0x0 c:/st/stm32cubeide_1.4.0/stm32cubeide/plugins/com.st.stm32cube.ide.mcu.externaltools.gnu-tools-for-stm32.7-2018-q2-update.win32_1.4.0.202007081208/tools/bin/../lib/gcc/arm-none-eabi/7.3.1/thumb/v7-m/crtend.o
 .data          0x0000000000000000        0x0 c:/st/stm32cubeide_1.4.0/stm32cubeide/plugins/com.st.stm32cube.ide.mcu.externaltools.gnu-tools-for-stm32.7-2018-q2-update.win32_1.4.0.202007081208/tools/bin/../lib/gcc/arm-none-eabi/7.3.1/thumb/v7-m/crtend.o
 .bss           0x0000000000000000        0x0 c:/st/stm32cubeide_1.4.0/stm32cubeide/plugins/com.st.stm32cube.ide.mcu.externaltools.gnu-tools-for-stm32.7-2018-q2-update.win32_1.4.0.202007081208/tools/bin/../lib/gcc/arm-none-eabi/7.3.1/thumb/v7-m/crtend.o
 .eh_frame      0x0000000000000000        0x4 c:/st/stm32cubeide_1.4.0/stm32cubeide/plugins/com.st.stm32cube.ide.mcu.externaltools.gnu-tools-for-stm32.7-2018-q2-update.win32_1.4.0.202007081208/tools/bin/../lib/gcc/arm-none-eabi/7.3.1/thumb/v7-m/crtend.o
 .ARM.attributes
                0x0000000000000000       0x2d c:/st/stm32cubeide_1.4.0/stm32cubeide/plugins/com.st.stm32cube.ide.mcu.externaltools.gnu-tools-for-stm32.7-2018-q2-update.win32_1.4.0.202007081208/tools/bin/../lib/gcc/arm-none-eabi/7.3.1/thumb/v7-m/crtend.o
 .text          0x0000000000000000        0x0 c:/st/stm32cubeide_1.4.0/stm32cubeide/plugins/com.st.stm32cube.ide.mcu.externaltools.gnu-tools-for-stm32.7-2018-q2-update.win32_1.4.0.202007081208/tools/bin/../lib/gcc/arm-none-eabi/7.3.1/thumb/v7-m/crtn.o
 .data          0x0000000000000000        0x0 c:/st/stm32cubeide_1.4.0/stm32cubeide/plugins/com.st.stm32cube.ide.mcu.externaltools.gnu-tools-for-stm32.7-2018-q2-update.win32_1.4.0.202007081208/tools/bin/../lib/gcc/arm-none-eabi/7.3.1/thumb/v7-m/crtn.o
 .bss           0x0000000000000000        0x0 c:/st/stm32cubeide_1.4.0/stm32cubeide/plugins/com.st.stm32cube.ide.mcu.externaltools.gnu-tools-for-stm32.7-2018-q2-update.win32_1.4.0.202007081208/tools/bin/../lib/gcc/arm-none-eabi/7.3.1/thumb/v7-m/crtn.o

Memory Configuration

Name             Origin             Length             Attributes
RAM              0x0000000020000000 0x0000000000002800 xrw
ROM              0x0000000008000000 0x0000000000008000 xr
*default*        0x0000000000000000 0xffffffffffffffff

Linker script and memory map

LOAD c:/st/stm32cubeide_1.4.0/stm32cubeide/plugins/com.st.stm32cube.ide.mcu.externaltools.gnu-tools-for-stm32.7-2018-q2-update.win32_1.4.0.202007081208/tools/bin/../lib/gcc/arm-none-eabi/7.3.1/thumb/v7-m/crti.o
LOAD c:/st/stm32cubeide_1.4.0/stm32cubeide/plugins/com.st.stm32cube.ide.mcu.externaltools.gnu-tools-for-stm32.7-2018-q2-update.win32_1.4.0.202007081208/tools/bin/../lib/gcc/arm-none-eabi/7.3.1/thumb/v7-m/crtbegin.o
LOAD c:/st/stm32cubeide_1.4.0/stm32cubeide/plugins/com.st.stm32cube.ide.mcu.externaltools.gnu-tools-for-stm32.7-2018-q2-update.win32_1.4.0.202007081208/tools/bin/../lib/gcc/arm-none-eabi/7.3.1/../../../../arm-none-eabi/lib/thumb/v7-m/crt0.o
LOAD Src/main.o
LOAD Src/syscalls.o
LOAD Src/sysmem.o
LOAD Startup/startup_stm32f103c6tx.o
LOAD Stm32f103c6_Drivers/KeyPad_Driver/Key_pad.o
LOAD Stm32f103c6_Drivers/LCD_Driver/LCD.o
LOAD Stm32f103c6_Drivers/Stm32f103c6_GPIO_Driver.o
START GROUP
LOAD c:/st/stm32cubeide_1.4.0/stm32cubeide/plugins/com.st.stm32cube.ide.mcu.externaltools.gnu-tools-for-stm32.7-2018-q2-update.win32_1.4.0.202007081208/tools/bin/../lib/gcc/arm-none-eabi/7.3.1/../../../../arm-none-eabi/lib/thumb/v7-m\libc_nano.a
LOAD c:/st/stm32cubeide_1.4.0/stm32cubeide/plugins/com.st.stm32cube.ide.mcu.externaltools.gnu-tools-for-stm32.7-2018-q2-update.win32_1.4.0.202007081208/tools/bin/../lib/gcc/arm-none-eabi/7.3.1/../../../../arm-none-eabi/lib/thumb/v7-m\libm.a
END GROUP
START GROUP
LOAD c:/st/stm32cubeide_1.4.0/stm32cubeide/plugins/com.st.stm32cube.ide.mcu.externaltools.gnu-tools-for-stm32.7-2018-q2-update.win32_1.4.0.202007081208/tools/bin/../lib/gcc/arm-none-eabi/7.3.1/thumb/v7-m\libgcc.a
LOAD c:/st/stm32cubeide_1.4.0/stm32cubeide/plugins/com.st.stm32cube.ide.mcu.externaltools.gnu-tools-for-stm32.7-2018-q2-update.win32_1.4.0.202007081208/tools/bin/../lib/gcc/arm-none-eabi/7.3.1/../../../../arm-none-eabi/lib/thumb/v7-m\libg_nano.a
LOAD c:/st/stm32cubeide_1.4.0/stm32cubeide/plugins/com.st.stm32cube.ide.mcu.externaltools.gnu-tools-for-stm32.7-2018-q2-update.win32_1.4.0.202007081208/tools/bin/../lib/gcc/arm-none-eabi/7.3.1/../../../../arm-none-eabi/lib/thumb/v7-m\libc_nano.a
END GROUP
START GROUP
LOAD c:/st/stm32cubeide_1.4.0/stm32cubeide/plugins/com.st.stm32cube.ide.mcu.externaltools.gnu-tools-for-stm32.7-2018-q2-update.win32_1.4.0.202007081208/tools/bin/../lib/gcc/arm-none-eabi/7.3.1/thumb/v7-m\libgcc.a
LOAD c:/st/stm32cubeide_1.4.0/stm32cubeide/plugins/com.st.stm32cube.ide.mcu.externaltools.gnu-tools-for-stm32.7-2018-q2-update.win32_1.4.0.202007081208/tools/bin/../lib/gcc/arm-none-eabi/7.3.1/../../../../arm-none-eabi/lib/thumb/v7-m\libc_nano.a
LOAD c:/st/stm32cubeide_1.4.0/stm32cubeide/plugins/com.st.stm32cube.ide.mcu.externaltools.gnu-tools-for-stm32.7-2018-q2-update.win32_1.4.0.202007081208/tools/bin/../lib/gcc/arm-none-eabi/7.3.1/../../../../arm-none-eabi/lib/thumb/v7-m\libnosys.a
END GROUP
START GROUP
LOAD c:/st/stm32cubeide_1.4.0/stm32cubeide/plugins/com.st.stm32cube.ide.mcu.externaltools.gnu-tools-for-stm32.7-2018-q2-update.win32_1.4.0.202007081208/tools/bin/../lib/gcc/arm-none-eabi/7.3.1/thumb/v7-m\libgcc.a
LOAD c:/st/stm32cubeide_1.4.0/stm32cubeide/plugins/com.st.stm32cube.ide.mcu.externaltools.gnu-tools-for-stm32.7-2018-q2-update.win32_1.4.0.202007081208/tools/bin/../lib/gcc/arm-none-eabi/7.3.1/../../../../arm-none-eabi/lib/thumb/v7-m\libc_nano.a
LOAD c:/st/stm32cubeide_1.4.0/stm32cubeide/plugins/com.st.stm32cube.ide.mcu.externaltools.gnu-tools-for-stm32.7-2018-q2-update.win32_1.4.0.202007081208/tools/bin/../lib/gcc/arm-none-eabi/7.3.1/../../../../arm-none-eabi/lib/thumb/v7-m\libnosys.a
END GROUP
LOAD c:/st/stm32cubeide_1.4.0/stm32cubeide/plugins/com.st.stm32cube.ide.mcu.externaltools.gnu-tools-for-stm32.7-2018-q2-update.win32_1.4.0.202007081208/tools/bin/../lib/gcc/arm-none-eabi/7.3.1/thumb/v7-m/crtend.o
LOAD c:/st/stm32cubeide_1.4.0/stm32cubeide/plugins/com.st.stm32cube.ide.mcu.externaltools.gnu-tools-for-stm32.7-2018-q2-update.win32_1.4.0.202007081208/tools/bin/../lib/gcc/arm-none-eabi/7.3.1/thumb/v7-m/crtn.o
                0x0000000020002800                _estack = (ORIGIN (RAM) + LENGTH (RAM))
                0x0000000000000200                _Min_Heap_Size = 0x200
                0x0000000000000400                _Min_Stack_Size = 0x400

.isr_vector     0x0000000008000000      0x130
                0x0000000008000000                . = ALIGN (0x4)
 *(.isr_vector)
 .isr_vector    0x0000000008000000      0x130 Startup/startup_stm32f103c6tx.o
                0x0000000008000000                g_pfnVectors
                0x0000000008000130                . = ALIGN (0x4)

.text           0x0000000008000130      0xb48
                0x0000000008000130                . = ALIGN (0x4)
 *(.text)
 .text          0x0000000008000130       0x40 c:/st/stm32cubeide_1.4.0/stm32cubeide/plugins/com.st.stm32cube.ide.mcu.externaltools.gnu-tools-for-stm32.7-2018-q2-update.win32_1.4.0.202007081208/tools/bin/../lib/gcc/arm-none-eabi/7.3.1/thumb/v7-m/crtbegin.o
 *(.text*)
 .text.clock_init
                0x0000000008000170       0x28 Src/main.o
                0x0000000008000170                clock_init
 .text.Seven_segment_init
                0x0000000008000198       0xbc Src/main.o
                0x0000000008000198                Seven_segment_init
 .text.Seven_segment_display
                0x0000000008000254       0x7c Src/main.o
                0x0000000008000254                Seven_segment_display
 .text.main     0x00000000080002d0       0x60 Src/main.o
                0x00000000080002d0                main
 .text.Reset_Handler
                0x0000000008000330       0x50 Startup/startup_stm32f103c6tx.o
                0x0000000008000330                Reset_Handler
 .text.Default_Handler
                0x0000000008000380        0x2 Startup/startup_stm32f103c6tx.o
                0x0000000008000380                EXTI2_IRQHandler
                0x0000000008000380                TIM8_TRG_COM_IRQHandler
                0x0000000008000380                TIM8_CC_IRQHandler
                0x0000000008000380                DebugMon_Handler
                0x0000000008000380                TIM1_CC_IRQHandler
                0x0000000008000380                HardFault_Handler
                0x0000000008000380                TIM6_IRQHandler
                0x0000000008000380                SysTick_Handler
                0x0000000008000380                PVD_IRQHandler
                0x0000000008000380                SDIO_IRQHandler
                0x0000000008000380                PendSV_Handler
                0x0000000008000380                NMI_Handler
                0x0000000008000380                EXTI3_IRQHandler
                0x0000000008000380                USB_HP_CAN_TX_IRQHandler
                0x0000000008000380                EXTI0_IRQHandler
                0x0000000008000380                I2C2_EV_IRQHandler
                0x0000000008000380                UsageFault_Handler
                0x0000000008000380                ADC1_2_IRQHandler
                0x0000000008000380                SPI1_IRQHandler
                0x0000000008000380                CAN_SCE_IRQHandler
                0x0000000008000380                TAMPER_IRQHandler
                0x0000000008000380                TIM8_UP_IRQHandler
                0x0000000008000380                DMA2_Channel2_IRQHandler
                0x0000000008000380                DMA1_Channel4_IRQHandler
                0x0000000008000380                USART3_IRQHandler
                0x0000000008000380                RTC_IRQHandler
                0x0000000008000380                DMA1_Channel7_IRQHandler
                0x0000000008000380                UART5_IRQHandler
                0x0000000008000380                ADC3_IRQHandler
                0x0000000008000380                TIM4_IRQHandler
                0x0000000008000380                CAN_RX1_IRQHandler
                0x0000000008000380                DMA2_Channel1_IRQHandler
                0x0000000008000380                I2C1_EV_IRQHandler
                0x0000000008000380                DMA1_Channel6_IRQHandler
                0x0000000008000380                UART4_IRQHandler
                0x0000000008000380                TIM3_IRQHandler
                0x0000000008000380                RCC_IRQHandler
                0x0000000008000380                TIM1_TRG_COM_IRQHandler
                0x0000000008000380                DMA1_Channel1_IRQHandler
                0x0000000008000380                Default_Handler
                0x0000000008000380                EXTI15_10_IRQHandler
                0x0000000008000380                TIM7_IRQHandler
                0x0000000008000380                TIM5_IRQHandler
                0x0000000008000380                EXTI9_5_IRQHandler
                0x0000000008000380                SPI2_IRQHandler
                0x0000000008000380                USB_LP_CAN_RX0_IRQHandler
                0x0000000008000380                MemManage_Handler
                0x0000000008000380                SVC_Handler
                0x0000000008000380                DMA1_Channel5_IRQHandler
                0x0000000008000380                EXTI4_IRQHandler
                0x0000000008000380                DMA1_Channel3_IRQHandler
                0x0000000008000380                FSMC_IRQHandler
                0x0000000008000380                TIM1_UP_IRQHandler
                0x0000000008000380                WWDG_IRQHandler
                0x0000000008000380                TIM2_IRQHandler
                0x0000000008000380                TIM1_BRK_IRQHandler
                0x0000000008000380                EXTI1_IRQHandler
                0x0000000008000380                RTCAlarm_IRQHandler
                0x0000000008000380                DMA2_Channel4_5_IRQHandler
                0x0000000008000380                USART2_IRQHandler
                0x0000000008000380                I2C2_ER_IRQHandler
                0x0000000008000380                DMA1_Channel2_IRQHandler
                0x0000000008000380                TIM8_BRK_IRQHandler
                0x0000000008000380                FLASH_IRQHandler
                0x0000000008000380                BusFault_Handler
                0x0000000008000380                USART1_IRQHandler
                0x0000000008000380                SPI3_IRQHandler
                0x0000000008000380                I2C1_ER_IRQHandler
                0x0000000008000380                DMA2_Channel3_IRQHandler
 *fill*         0x0000000008000382        0x2 
 .text.Key_pad_init
                0x0000000008000384      0x134 Stm32f103c6_Drivers/KeyPad_Driver/Key_pad.o
                0x0000000008000384                Key_pad_init
 .text.Key_pad_get_char
                0x00000000080004b8      0x180 Stm32f103c6_Drivers/KeyPad_Driver/Key_pad.o
                0x00000000080004b8                Key_pad_get_char
 .text._delay_ms
                0x0000000008000638       0x38 Stm32f103c6_Drivers/LCD_Driver/LCD.o
                0x0000000008000638                _delay_ms
 .text.LCD_init
                0x0000000008000670       0x2e Stm32f103c6_Drivers/LCD_Driver/LCD.o
                0x0000000008000670                LCD_init
 *fill*         0x000000000800069e        0x2 
 .text.LCD_Write_command
                0x00000000080006a0       0x44 Stm32f103c6_Drivers/LCD_Driver/LCD.o
                0x00000000080006a0                LCD_Write_command
 .text.LCD_Write_char
                0x00000000080006e4       0x44 Stm32f103c6_Drivers/LCD_Driver/LCD.o
                0x00000000080006e4                LCD_Write_char
 .text.LCD_Write_string
                0x0000000008000728       0x5a Stm32f103c6_Drivers/LCD_Driver/LCD.o
                0x0000000008000728                LCD_Write_string
 *fill*         0x0000000008000782        0x2 
 .text.LCD_is_busy
                0x0000000008000784      0x1fc Stm32f103c6_Drivers/LCD_Driver/LCD.o
                0x0000000008000784                LCD_is_busy
 .text.LCD_kick
                0x0000000008000980       0x2c Stm32f103c6_Drivers/LCD_Driver/LCD.o
                0x0000000008000980                LCD_kick
 .text.LCD_clear_screen
                0x00000000080009ac        0xe Stm32f103c6_Drivers/LCD_Driver/LCD.o
                0x00000000080009ac                LCD_clear_screen
 .text.LCD_Location
                0x00000000080009ba       0x40 Stm32f103c6_Drivers/LCD_Driver/LCD.o
                0x00000000080009ba                LCD_Location
 .text.GET_CRLH_position
                0x00000000080009fa       0xa6 Stm32f103c6_Drivers/Stm32f103c6_GPIO_Driver.o
                0x00000000080009fa                GET_CRLH_position
 .text.MCAL_GPIO_Init
                0x0000000008000aa0       0xfe Stm32f103c6_Drivers/Stm32f103c6_GPIO_Driver.o
                0x0000000008000aa0                MCAL_GPIO_Init
 .text.MCAL_GPIO_ReadPin
                0x0000000008000b9e       0x2e Stm32f103c6_Drivers/Stm32f103c6_GPIO_Driver.o
                0x0000000008000b9e                MCAL_GPIO_ReadPin
 .text.MCAL_GPIO_WritePin
                0x0000000008000bcc       0x2e Stm32f103c6_Drivers/Stm32f103c6_GPIO_Driver.o
                0x0000000008000bcc                MCAL_GPIO_WritePin
 .text.MCAL_GPIO_WritePort
                0x0000000008000bfa       0x1c Stm32f103c6_Drivers/Stm32f103c6_GPIO_Driver.o
                0x0000000008000bfa                MCAL_GPIO_WritePort
 *fill*         0x0000000008000c16        0x2 
 .text.__libc_init_array
                0x0000000008000c18       0x48 c:/st/stm32cubeide_1.4.0/stm32cubeide/plugins/com.st.stm32cube.ide.mcu.externaltools.gnu-tools-for-stm32.7-2018-q2-update.win32_1.4.0.202007081208/tools/bin/../lib/gcc/arm-none-eabi/7.3.1/../../../../arm-none-eabi/lib/thumb/v7-m\libc_nano.a(lib_a-init.o)
                0x0000000008000c18                __libc_init_array
 *(.glue_7)
 .glue_7        0x0000000008000c60        0x0 linker stubs
 *(.glue_7t)
 .glue_7t       0x0000000008000c60        0x0 linker stubs
 *(.eh_frame)
 .eh_frame      0x0000000008000c60        0x0 c:/st/stm32cubeide_1.4.0/stm32cubeide/plugins/com.st.stm32cube.ide.mcu.externaltools.gnu-tools-for-stm32.7-2018-q2-update.win32_1.4.0.202007081208/tools/bin/../lib/gcc/arm-none-eabi/7.3.1/thumb/v7-m/crtbegin.o
 *(.init)
 .init          0x0000000008000c60        0x4 c:/st/stm32cubeide_1.4.0/stm32cubeide/plugins/com.st.stm32cube.ide.mcu.externaltools.gnu-tools-for-stm32.7-2018-q2-update.win32_1.4.0.202007081208/tools/bin/../lib/gcc/arm-none-eabi/7.3.1/thumb/v7-m/crti.o
                0x0000000008000c60                _init
 .init          0x0000000008000c64        0x8 c:/st/stm32cubeide_1.4.0/stm32cubeide/plugins/com.st.stm32cube.ide.mcu.externaltools.gnu-tools-for-stm32.7-2018-q2-update.win32_1.4.0.202007081208/tools/bin/../lib/gcc/arm-none-eabi/7.3.1/thumb/v7-m/crtn.o
 *(.fini)
 .fini          0x0000000008000c6c        0x4 c:/st/stm32cubeide_1.4.0/stm32cubeide/plugins/com.st.stm32cube.ide.mcu.externaltools.gnu-tools-for-stm32.7-2018-q2-update.win32_1.4.0.202007081208/tools/bin/../lib/gcc/arm-none-eabi/7.3.1/thumb/v7-m/crti.o
                0x0000000008000c6c                _fini
 .fini          0x0000000008000c70        0x8 c:/st/stm32cubeide_1.4.0/stm32cubeide/plugins/com.st.stm32cube.ide.mcu.externaltools.gnu-tools-for-stm32.7-2018-q2-update.win32_1.4.0.202007081208/tools/bin/../lib/gcc/arm-none-eabi/7.3.1/thumb/v7-m/crtn.o
                0x0000000008000c78                . = ALIGN (0x4)
                0x0000000008000c78                _etext = .

.vfp11_veneer   0x0000000008000c78        0x0
 .vfp11_veneer  0x0000000008000c78        0x0 linker stubs

.v4_bx          0x0000000008000c78        0x0
 .v4_bx         0x0000000008000c78        0x0 linker stubs

.iplt           0x0000000008000c78        0x0
 .iplt          0x0000000008000c78        0x0 c:/st/stm32cubeide_1.4.0/stm32cubeide/plugins/com.st.stm32cube.ide.mcu.externaltools.gnu-tools-for-stm32.7-2018-q2-update.win32_1.4.0.202007081208/tools/bin/../lib/gcc/arm-none-eabi/7.3.1/thumb/v7-m/crtbegin.o

.rodata         0x0000000008000c78       0x54
                0x0000000008000c78                . = ALIGN (0x4)
 *(.rodata)
 .rodata        0x0000000008000c78       0x54 Src/main.o
 *(.rodata*)
                0x0000000008000ccc                . = ALIGN (0x4)

.rel.dyn        0x0000000008000ccc        0x0
 .rel.iplt      0x0000000008000ccc        0x0 c:/st/stm32cubeide_1.4.0/stm32cubeide/plugins/com.st.stm32cube.ide.mcu.externaltools.gnu-tools-for-stm32.7-2018-q2-update.win32_1.4.0.202007081208/tools/bin/../lib/gcc/arm-none-eabi/7.3.1/thumb/v7-m/crtbegin.o

.ARM.extab      0x0000000008000ccc        0x0
                0x0000000008000ccc                . = ALIGN (0x4)
 *(.ARM.extab* .gnu.linkonce.armextab.*)
                0x0000000008000ccc                . = ALIGN (0x4)

.ARM            0x0000000008000ccc        0x0
                0x0000000008000ccc                . = ALIGN (0x4)
                0x0000000008000ccc                __exidx_start = .
 *(.ARM.exidx*)
                0x0000000008000ccc                __exidx_end = .
                0x0000000008000ccc                . = ALIGN (0x4)

.preinit_array  0x0000000008000ccc        0x0
                0x0000000008000ccc                . = ALIGN (0x4)
                0x0000000008000ccc                PROVIDE (__preinit_array_start = .)
 *(.preinit_array*)
                0x0000000008000ccc                PROVIDE (__preinit_array_end = .)
                0x0000000008000ccc                . = ALIGN (0x4)

.init_array     0x0000000008000ccc        0x4
                0x0000000008000ccc                . = ALIGN (0x4)
                0x0000000008000ccc                PROVIDE (__init_array_start = .)
 *(SORT_BY_NAME(.init_array.*))
 *(.init_array*)
 .init_array    0x0000000008000ccc        0x4 c:/st/stm32cubeide_1.4.0/stm32cubeide/plugins/com.st.stm32cube.ide.mcu.externaltools.gnu-tools-for-stm32.7-2018-q2-update.win32_1.4.0.202007081208/tools/bin/../lib/gcc/arm-none-eabi/7.3.1/thumb/v7-m/crtbegin.o
                0x0000000008000cd0                PROVIDE (__init_array_end = .)
                0x0000000008000cd0                . = ALIGN (0x4)

.fini_array     0x0000000008000cd0        0x4
                0x0000000008000cd0                . = ALIGN (0x4)
                [!provide]                        PROVIDE (__fini_array_start = .)
 *(SORT_BY_NAME(.fini_array.*))
 *(.fini_array*)
 .fini_array    0x0000000008000cd0        0x4 c:/st/stm32cubeide_1.4.0/stm32cubeide/plugins/com.st.stm32cube.ide.mcu.externaltools.gnu-tools-for-stm32.7-2018-q2-update.win32_1.4.0.202007081208/tools/bin/../lib/gcc/arm-none-eabi/7.3.1/thumb/v7-m/crtbegin.o
                [!provide]                        PROVIDE (__fini_array_end = .)
                0x0000000008000cd4                . = ALIGN (0x4)
                0x0000000008000cd4                _sidata = LOADADDR (.data)

.data           0x0000000020000000       0x20 load address 0x0000000008000cd4
                0x0000000020000000                . = ALIGN (0x4)
                0x0000000020000000                _sdata = .
 *(.data)
 *(.data*)
 .data.Key_pad_rows
                0x0000000020000000       0x10 Stm32f103c6_Drivers/KeyPad_Driver/Key_pad.o
                0x0000000020000000                Key_pad_rows
 .data.Key_pad_column
                0x0000000020000010       0x10 Stm32f103c6_Drivers/KeyPad_Driver/Key_pad.o
                0x0000000020000010                Key_pad_column
                0x0000000020000020                . = ALIGN (0x4)
                0x0000000020000020                _edata = .

.igot.plt       0x0000000020000020        0x0 load address 0x0000000008000cf4
 .igot.plt      0x0000000020000020        0x0 c:/st/stm32cubeide_1.4.0/stm32cubeide/plugins/com.st.stm32cube.ide.mcu.externaltools.gnu-tools-for-stm32.7-2018-q2-update.win32_1.4.0.202007081208/tools/bin/../lib/gcc/arm-none-eabi/7.3.1/thumb/v7-m/crtbegin.o
                0x0000000020000020                . = ALIGN (0x4)

.bss            0x0000000020000020       0x20 load address 0x0000000008000cf4
                0x0000000020000020                _sbss = .
                0x0000000020000020                __bss_start__ = _sbss
 *(.bss)
 .bss           0x0000000020000020       0x1c c:/st/stm32cubeide_1.4.0/stm32cubeide/plugins/com.st.stm32cube.ide.mcu.externaltools.gnu-tools-for-stm32.7-2018-q2-update.win32_1.4.0.202007081208/tools/bin/../lib/gcc/arm-none-eabi/7.3.1/thumb/v7-m/crtbegin.o
 *(.bss*)
 *(COMMON)
 COMMON         0x000000002000003c        0x4 Stm32f103c6_Drivers/KeyPad_Driver/Key_pad.o
                0x000000002000003c                PinCfg
                0x0000000020000040                . = ALIGN (0x4)
                0x0000000020000040                _ebss = .
                0x0000000020000040                __bss_end__ = _ebss

._user_heap_stack
                0x0000000020000040      0x600 load address 0x0000000008000cf4
                0x0000000020000040                . = ALIGN (0x8)
                [!provide]                        PROVIDE (end = .)
                0x0000000020000040                PROVIDE (_end = .)
                0x0000000020000240                . = (. + _Min_Heap_Size)
 *fill*         0x0000000020000040      0x200 
                0x0000000020000640                . = (. + _Min_Stack_Size)
 *fill*         0x0000000020000240      0x400 
                0x0000000020000640                . = ALIGN (0x8)

/DISCARD/
 libc.a(*)
 libm.a(*)
 libgcc.a(*)

.ARM.attributes
                0x0000000000000000       0x29
 *(.ARM.attributes)
 .ARM.attributes
                0x0000000000000000       0x1d c:/st/stm32cubeide_1.4.0/stm32cubeide/plugins/com.st.stm32cube.ide.mcu.externaltools.gnu-tools-for-stm32.7-2018-q2-update.win32_1.4.0.202007081208/tools/bin/../lib/gcc/arm-none-eabi/7.3.1/thumb/v7-m/crti.o
 .ARM.attributes
                0x000000000000001d       0x2d c:/st/stm32cubeide_1.4.0/stm32cubeide/plugins/com.st.stm32cube.ide.mcu.externaltools.gnu-tools-for-stm32.7-2018-q2-update.win32_1.4.0.202007081208/tools/bin/../lib/gcc/arm-none-eabi/7.3.1/thumb/v7-m/crtbegin.o
 .ARM.attributes
                0x000000000000004a       0x33 Src/main.o
 .ARM.attributes
                0x000000000000007d       0x21 Startup/startup_stm32f103c6tx.o
 .ARM.attributes
                0x000000000000009e       0x33 Stm32f103c6_Drivers/KeyPad_Driver/Key_pad.o
 .ARM.attributes
                0x00000000000000d1       0x33 Stm32f103c6_Drivers/LCD_Driver/LCD.o
 .ARM.attributes
                0x0000000000000104       0x33 Stm32f103c6_Drivers/Stm32f103c6_GPIO_Driver.o
 .ARM.attributes
                0x0000000000000137       0x2d c:/st/stm32cubeide_1.4.0/stm32cubeide/plugins/com.st.stm32cube.ide.mcu.externaltools.gnu-tools-for-stm32.7-2018-q2-update.win32_1.4.0.202007081208/tools/bin/../lib/gcc/arm-none-eabi/7.3.1/../../../../arm-none-eabi/lib/thumb/v7-m\libc_nano.a(lib_a-init.o)
 .ARM.attributes
                0x0000000000000164       0x1d c:/st/stm32cubeide_1.4.0/stm32cubeide/plugins/com.st.stm32cube.ide.mcu.externaltools.gnu-tools-for-stm32.7-2018-q2-update.win32_1.4.0.202007081208/tools/bin/../lib/gcc/arm-none-eabi/7.3.1/thumb/v7-m/crtn.o
OUTPUT(Drivers.elf elf32-littlearm)

.debug_info     0x0000000000000000     0x3036
 .debug_info    0x0000000000000000      0xbc6 Src/main.o
 .debug_info    0x0000000000000bc6       0x22 Startup/startup_stm32f103c6tx.o
 .debug_info    0x0000000000000be8      0xb0a Stm32f103c6_Drivers/KeyPad_Driver/Key_pad.o
 .debug_info    0x00000000000016f2      0xbf1 Stm32f103c6_Drivers/LCD_Driver/LCD.o
 .debug_info    0x00000000000022e3      0xd53 Stm32f103c6_Drivers/Stm32f103c6_GPIO_Driver.o

.debug_abbrev   0x0000000000000000      0x791
 .debug_abbrev  0x0000000000000000      0x1be Src/main.o
 .debug_abbrev  0x00000000000001be       0x12 Startup/startup_stm32f103c6tx.o
 .debug_abbrev  0x00000000000001d0      0x1a6 Stm32f103c6_Drivers/KeyPad_Driver/Key_pad.o
 .debug_abbrev  0x0000000000000376      0x203 Stm32f103c6_Drivers/LCD_Driver/LCD.o
 .debug_abbrev  0x0000000000000579      0x218 Stm32f103c6_Drivers/Stm32f103c6_GPIO_Driver.o

.debug_loc      0x0000000000000000      0x742
 .debug_loc     0x0000000000000000      0x11e Src/main.o
 .debug_loc     0x000000000000011e       0x7c Stm32f103c6_Drivers/KeyPad_Driver/Key_pad.o
 .debug_loc     0x000000000000019a      0x278 Stm32f103c6_Drivers/LCD_Driver/LCD.o
 .debug_loc     0x0000000000000412      0x330 Stm32f103c6_Drivers/Stm32f103c6_GPIO_Driver.o

.debug_aranges  0x0000000000000000      0x150
 .debug_aranges
                0x0000000000000000       0x38 Src/main.o
 .debug_aranges
                0x0000000000000038       0x28 Startup/startup_stm32f103c6tx.o
 .debug_aranges
                0x0000000000000060       0x28 Stm32f103c6_Drivers/KeyPad_Driver/Key_pad.o
 .debug_aranges
                0x0000000000000088       0x68 Stm32f103c6_Drivers/LCD_Driver/LCD.o
 .debug_aranges
                0x00000000000000f0       0x60 Stm32f103c6_Drivers/Stm32f103c6_GPIO_Driver.o

.debug_ranges   0x0000000000000000      0x108
 .debug_ranges  0x0000000000000000       0x28 Src/main.o
 .debug_ranges  0x0000000000000028       0x20 Startup/startup_stm32f103c6tx.o
 .debug_ranges  0x0000000000000048       0x18 Stm32f103c6_Drivers/KeyPad_Driver/Key_pad.o
 .debug_ranges  0x0000000000000060       0x58 Stm32f103c6_Drivers/LCD_Driver/LCD.o
 .debug_ranges  0x00000000000000b8       0x50 Stm32f103c6_Drivers/Stm32f103c6_GPIO_Driver.o

.debug_macro    0x0000000000000000     0x1f80
 .debug_macro   0x0000000000000000      0x191 Src/main.o
 .debug_macro   0x0000000000000191      0xa60 Src/main.o
 .debug_macro   0x0000000000000bf1       0x18 Src/main.o
 .debug_macro   0x0000000000000c09       0x22 Src/main.o
 .debug_macro   0x0000000000000c2b       0x40 Src/main.o
 .debug_macro   0x0000000000000c6b       0x94 Src/main.o
 .debug_macro   0x0000000000000cff       0x3c Src/main.o
 .debug_macro   0x0000000000000d3b       0x34 Src/main.o
 .debug_macro   0x0000000000000d6f       0x16 Src/main.o
 .debug_macro   0x0000000000000d85      0x10e Src/main.o
 .debug_macro   0x0000000000000e93       0x8d Src/main.o
 .debug_macro   0x0000000000000f20       0x57 Src/main.o
 .debug_macro   0x0000000000000f77       0x52 Src/main.o
 .debug_macro   0x0000000000000fc9       0x1f Src/main.o
 .debug_macro   0x0000000000000fe8       0x43 Src/main.o
 .debug_macro   0x000000000000102b       0x20 Src/main.o
 .debug_macro   0x000000000000104b      0x1a3 Src/main.o
 .debug_macro   0x00000000000011ee      0x330 Src/main.o
 .debug_macro   0x000000000000151e       0x16 Src/main.o
 .debug_macro   0x0000000000001534       0x29 Src/main.o
 .debug_macro   0x000000000000155d       0xef Src/main.o
 .debug_macro   0x000000000000164c       0x6a Src/main.o
 .debug_macro   0x00000000000016b6      0x1df Src/main.o
 .debug_macro   0x0000000000001895       0xb4 Src/main.o
 .debug_macro   0x0000000000001949       0xc4 Src/main.o
 .debug_macro   0x0000000000001a0d       0x8e Src/main.o
 .debug_macro   0x0000000000001a9b       0x40 Src/main.o
 .debug_macro   0x0000000000001adb      0x152 Stm32f103c6_Drivers/KeyPad_Driver/Key_pad.o
 .debug_macro   0x0000000000001c2d       0x3a Stm32f103c6_Drivers/KeyPad_Driver/Key_pad.o
 .debug_macro   0x0000000000001c67      0x152 Stm32f103c6_Drivers/LCD_Driver/LCD.o
 .debug_macro   0x0000000000001db9       0x88 Stm32f103c6_Drivers/LCD_Driver/LCD.o
 .debug_macro   0x0000000000001e41      0x13f Stm32f103c6_Drivers/Stm32f103c6_GPIO_Driver.o

.debug_line     0x0000000000000000     0x1a6c
 .debug_line    0x0000000000000000      0x6a0 Src/main.o
 .debug_line    0x00000000000006a0       0x84 Startup/startup_stm32f103c6tx.o
 .debug_line    0x0000000000000724      0x616 Stm32f103c6_Drivers/KeyPad_Driver/Key_pad.o
 .debug_line    0x0000000000000d3a      0x6b3 Stm32f103c6_Drivers/LCD_Driver/LCD.o
 .debug_line    0x00000000000013ed      0x67f Stm32f103c6_Drivers/Stm32f103c6_GPIO_Driver.o

.debug_str      0x0000000000000000     0x7a88
 .debug_str     0x0000000000000000     0x780c Src/main.o
                                       0x7a6d (size before relaxing)
 .debug_str     0x000000000000780c       0x31 Startup/startup_stm32f103c6tx.o
                                         0x74 (size before relaxing)
 .debug_str     0x000000000000783d       0x69 Stm32f103c6_Drivers/KeyPad_Driver/Key_pad.o
                                       0x77d0 (size before relaxing)
 .debug_str     0x00000000000078a6       0xc0 Stm32f103c6_Drivers/LCD_Driver/LCD.o
                                       0x79c1 (size before relaxing)
 .debug_str     0x0000000000007966      0x122 Stm32f103c6_Drivers/Stm32f103c6_GPIO_Driver.o
                                       0x7840 (size before relaxing)

.comment        0x0000000000000000       0x7b
 .comment       0x0000000000000000       0x7b Src/main.o
                                         0x7c (size before relaxing)
 .comment       0x000000000000007b       0x7c Stm32f103c6_Drivers/KeyPad_Driver/Key_pad.o
 .comment       0x000000000000007b       0x7c Stm32f103c6_Drivers/LCD_Driver/LCD.o
 .comment       0x000000000000007b       0x7c Stm32f103c6_Drivers/Stm32f103c6_GPIO_Driver.o

.debug_frame    0x0000000000000000      0x3e4
 .debug_frame   0x0000000000000000       0x9c Src/main.o
 .debug_frame   0x000000000000009c       0x50 Stm32f103c6_Drivers/KeyPad_Driver/Key_pad.o
 .debug_frame   0x00000000000000ec      0x154 Stm32f103c6_Drivers/LCD_Driver/LCD.o
 .debug_frame   0x0000000000000240      0x178 Stm32f103c6_Drivers/Stm32f103c6_GPIO_Driver.o
 .debug_frame   0x00000000000003b8       0x2c c:/st/stm32cubeide_1.4.0/stm32cubeide/plugins/com.st.stm32cube.ide.mcu.externaltools.gnu-tools-for-stm32.7-2018-q2-update.win32_1.4.0.202007081208/tools/bin/../lib/gcc/arm-none-eabi/7.3.1/../../../../arm-none-eabi/lib/thumb/v7-m\libc_nano.a(lib_a-init.o)
