Archive member included to satisfy reference by file (symbol)

c:/st/stm32cubeide_1.4.0/stm32cubeide/plugins/com.st.stm32cube.ide.mcu.externaltools.gnu-tools-for-stm32.7-2018-q2-update.win32_1.4.0.202007081208/tools/bin/../lib/gcc/arm-none-eabi/7.3.1/../../../../arm-none-eabi/lib/thumb/v7-m\libc_nano.a(lib_a-errno.o)
                              Src/syscalls.o (__errno)
c:/st/stm32cubeide_1.4.0/stm32cubeide/plugins/com.st.stm32cube.ide.mcu.externaltools.gnu-tools-for-stm32.7-2018-q2-update.win32_1.4.0.202007081208/tools/bin/../lib/gcc/arm-none-eabi/7.3.1/../../../../arm-none-eabi/lib/thumb/v7-m\libc_nano.a(lib_a-exit.o)
                              c:/st/stm32cubeide_1.4.0/stm32cubeide/plugins/com.st.stm32cube.ide.mcu.externaltools.gnu-tools-for-stm32.7-2018-q2-update.win32_1.4.0.202007081208/tools/bin/../lib/gcc/arm-none-eabi/7.3.1/../../../../arm-none-eabi/lib/thumb/v7-m/crt0.o (exit)
c:/st/stm32cubeide_1.4.0/stm32cubeide/plugins/com.st.stm32cube.ide.mcu.externaltools.gnu-tools-for-stm32.7-2018-q2-update.win32_1.4.0.202007081208/tools/bin/../lib/gcc/arm-none-eabi/7.3.1/../../../../arm-none-eabi/lib/thumb/v7-m\libc_nano.a(lib_a-impure.o)
                              c:/st/stm32cubeide_1.4.0/stm32cubeide/plugins/com.st.stm32cube.ide.mcu.externaltools.gnu-tools-for-stm32.7-2018-q2-update.win32_1.4.0.202007081208/tools/bin/../lib/gcc/arm-none-eabi/7.3.1/../../../../arm-none-eabi/lib/thumb/v7-m\libc_nano.a(lib_a-exit.o) (_global_impure_ptr)
c:/st/stm32cubeide_1.4.0/stm32cubeide/plugins/com.st.stm32cube.ide.mcu.externaltools.gnu-tools-for-stm32.7-2018-q2-update.win32_1.4.0.202007081208/tools/bin/../lib/gcc/arm-none-eabi/7.3.1/../../../../arm-none-eabi/lib/thumb/v7-m\libc_nano.a(lib_a-init.o)
                              c:/st/stm32cubeide_1.4.0/stm32cubeide/plugins/com.st.stm32cube.ide.mcu.externaltools.gnu-tools-for-stm32.7-2018-q2-update.win32_1.4.0.202007081208/tools/bin/../lib/gcc/arm-none-eabi/7.3.1/../../../../arm-none-eabi/lib/thumb/v7-m/crt0.o (__libc_init_array)
c:/st/stm32cubeide_1.4.0/stm32cubeide/plugins/com.st.stm32cube.ide.mcu.externaltools.gnu-tools-for-stm32.7-2018-q2-update.win32_1.4.0.202007081208/tools/bin/../lib/gcc/arm-none-eabi/7.3.1/../../../../arm-none-eabi/lib/thumb/v7-m\libc_nano.a(lib_a-memset.o)
                              c:/st/stm32cubeide_1.4.0/stm32cubeide/plugins/com.st.stm32cube.ide.mcu.externaltools.gnu-tools-for-stm32.7-2018-q2-update.win32_1.4.0.202007081208/tools/bin/../lib/gcc/arm-none-eabi/7.3.1/../../../../arm-none-eabi/lib/thumb/v7-m/crt0.o (memset)
c:/st/stm32cubeide_1.4.0/stm32cubeide/plugins/com.st.stm32cube.ide.mcu.externaltools.gnu-tools-for-stm32.7-2018-q2-update.win32_1.4.0.202007081208/tools/bin/../lib/gcc/arm-none-eabi/7.3.1/../../../../arm-none-eabi/lib/thumb/v7-m\libc_nano.a(lib_a-sprintf.o)
                              HAL/LCD.o (sprintf)
c:/st/stm32cubeide_1.4.0/stm32cubeide/plugins/com.st.stm32cube.ide.mcu.externaltools.gnu-tools-for-stm32.7-2018-q2-update.win32_1.4.0.202007081208/tools/bin/../lib/gcc/arm-none-eabi/7.3.1/../../../../arm-none-eabi/lib/thumb/v7-m\libc_nano.a(lib_a-nano-svfprintf.o)
                              c:/st/stm32cubeide_1.4.0/stm32cubeide/plugins/com.st.stm32cube.ide.mcu.externaltools.gnu-tools-for-stm32.7-2018-q2-update.win32_1.4.0.202007081208/tools/bin/../lib/gcc/arm-none-eabi/7.3.1/../../../../arm-none-eabi/lib/thumb/v7-m\libc_nano.a(lib_a-sprintf.o) (_svfprintf_r)
c:/st/stm32cubeide_1.4.0/stm32cubeide/plugins/com.st.stm32cube.ide.mcu.externaltools.gnu-tools-for-stm32.7-2018-q2-update.win32_1.4.0.202007081208/tools/bin/../lib/gcc/arm-none-eabi/7.3.1/../../../../arm-none-eabi/lib/thumb/v7-m\libc_nano.a(lib_a-nano-vfprintf_i.o)
                              c:/st/stm32cubeide_1.4.0/stm32cubeide/plugins/com.st.stm32cube.ide.mcu.externaltools.gnu-tools-for-stm32.7-2018-q2-update.win32_1.4.0.202007081208/tools/bin/../lib/gcc/arm-none-eabi/7.3.1/../../../../arm-none-eabi/lib/thumb/v7-m\libc_nano.a(lib_a-nano-svfprintf.o) (_printf_i)
c:/st/stm32cubeide_1.4.0/stm32cubeide/plugins/com.st.stm32cube.ide.mcu.externaltools.gnu-tools-for-stm32.7-2018-q2-update.win32_1.4.0.202007081208/tools/bin/../lib/gcc/arm-none-eabi/7.3.1/../../../../arm-none-eabi/lib/thumb/v7-m\libc_nano.a(lib_a-memchr-stub.o)
                              c:/st/stm32cubeide_1.4.0/stm32cubeide/plugins/com.st.stm32cube.ide.mcu.externaltools.gnu-tools-for-stm32.7-2018-q2-update.win32_1.4.0.202007081208/tools/bin/../lib/gcc/arm-none-eabi/7.3.1/../../../../arm-none-eabi/lib/thumb/v7-m\libc_nano.a(lib_a-nano-svfprintf.o) (memchr)
c:/st/stm32cubeide_1.4.0/stm32cubeide/plugins/com.st.stm32cube.ide.mcu.externaltools.gnu-tools-for-stm32.7-2018-q2-update.win32_1.4.0.202007081208/tools/bin/../lib/gcc/arm-none-eabi/7.3.1/../../../../arm-none-eabi/lib/thumb/v7-m\libc_nano.a(lib_a-memcpy-stub.o)
[...]
Memory Configuration

Name             Origin             Length             Attributes
RAM              0x0000000020000000 0x0000000000002800 xrw
ROM              0x0000000008000000 0x0000000000008000 xr
*default*        0x0000000000000000 0xffffffffffffffff

Linker script and memory map

LOAD c:/st/stm32cubeide_1.4.0/stm32cubeide/plugins/com.st.stm32cube.ide.mcu.externaltools.gnu-tools-for-stm32.7-2018-q2-update.win32_1.4.0.202007081208/tools/bin/../lib/gcc/arm-none-eabi/7.3.1/thumb/v7-m/crti.o
LOAD c:/st/stm32cubeide_1.4.0/stm32cubeide/plugins/com.st.stm32cube.ide.mcu.externaltools.gnu-tools-for-stm32.7-2018-q2-update.win32_1.4.0.202007081208/tools/bin/../lib/gcc/arm-none-eabi/7.3.1/thumb/v7-m/crtbegin.o
LOAD c:/st/stm32cubeide_1.4.0/stm32cubeide/plugins/com.st.stm32cube.ide.mcu.externaltools.gnu-tools-for-stm32.7-2018-q2-update.win32_1.4.0.202007081208/tools/bin/../lib/gcc/arm-none-eabi/7.3.1/../../../../arm-none-eabi/lib/thumb/v7-m/crt0.o
LOAD HAL/Key_pad.o
LOAD HAL/LCD.o
LOAD Src/main.o
LOAD Src/syscalls.o
LOAD Src/sysmem.o
LOAD Startup/startup_stm32f103c6tx.o
LOAD Stm32f103c6_Drivers/Stm32f103c6_EXTI_Driver.o
LOAD Stm32f103c6_Drivers/Stm32f103c6_GPIO_Driver.o
START GROUP
LOAD c:/st/stm32cubeide_1.4.0/stm32cubeide/plugins/com.st.stm32cube.ide.mcu.externaltools.gnu-tools-for-stm32.7-2018-q2-update.win32_1.4.0.202007081208/tools/bin/../lib/gcc/arm-none-eabi/7.3.1/../../../../arm-none-eabi/lib/thumb/v7-m\libc_nano.a
LOAD c:/st/stm32cubeide_1.4.0/stm32cubeide/plugins/com.st.stm32cube.ide.mcu.externaltools.gnu-tools-for-stm32.7-2018-q2-update.win32_1.4.0.202007081208/tools/bin/../lib/gcc/arm-none-eabi/7.3.1/../../../../arm-none-eabi/lib/thumb/v7-m\libm.a
END GROUP
START GROUP
LOAD c:/st/stm32cubeide_1.4.0/stm32cubeide/plugins/com.st.stm32cube.ide.mcu.externaltools.gnu-tools-for-stm32.7-2018-q2-update.win32_1.4.0.202007081208/tools/bin/../lib/gcc/arm-none-eabi/7.3.1/thumb/v7-m\libgcc.a
LOAD c:/st/stm32cubeide_1.4.0/stm32cubeide/plugins/com.st.stm32cube.ide.mcu.externaltools.gnu-tools-for-stm32.7-2018-q2-update.win32_1.4.0.202007081208/tools/bin/../lib/gcc/arm-none-eabi/7.3.1/../../../../arm-none-eabi/lib/thumb/v7-m\libg_nano.a
LOAD c:/st/stm32cubeide_1.4.0/stm32cubeide/plugins/com.st.stm32cube.ide.mcu.externaltools.gnu-tools-for-stm32.7-2018-q2-update.win32_1.4.0.202007081208/tools/bin/../lib/gcc/arm-none-eabi/7.3.1/../../../../arm-none-eabi/lib/thumb/v7-m\libc_nano.a
END GROUP
START GROUP
LOAD c:/st/stm32cubeide_1.4.0/stm32cubeide/plugins/com.st.stm32cube.ide.mcu.externaltools.gnu-tools-for-stm32.7-2018-q2-update.win32_1.4.0.202007081208/tools/bin/../lib/gcc/arm-none-eabi/7.3.1/thumb/v7-m\libgcc.a
LOAD c:/st/stm32cubeide_1.4.0/stm32cubeide/plugins/com.st.stm32cube.ide.mcu.externaltools.gnu-tools-for-stm32.7-2018-q2-update.win32_1.4.0.202007081208/tools/bin/../lib/gcc/arm-none-eabi/7.3.1/../../../../arm-none-eabi/lib/thumb/v7-m\libc_nano.a
LOAD c:/st/stm32cubeide_1.4.0/stm32cubeide/plugins/com.st.stm32cube.ide.mcu.externaltools.gnu-tools-for-stm32.7-2018-q2-update.win32_1.4.0.202007081208/tools/bin/../lib/gcc/arm-none-eabi/7.3.1/../../../../arm-none-eabi/lib/thumb/v7-m\libnosys.a
END GROUP
START GROUP
LOAD c:/st/stm32cubeide_1.4.0/stm32cubeide/plugins/com.st.stm32cube.ide.mcu.externaltools.gnu-tools-for-stm32.7-2018-q2-update.win32_1.4.0.202007081208/tools/bin/../lib/gcc/arm-none-eabi/7.3.1/thumb/v7-m\libgcc.a
LOAD c:/st/stm32cubeide_1.4.0/stm32cubeide/plugins/com.st.stm32cube.ide.mcu.externaltools.gnu-tools-for-stm32.7-2018-q2-update.win32_1.4.0.202007081208/tools/bin/../lib/gcc/arm-none-eabi/7.3.1/../../../../arm-none-eabi/lib/thumb/v7-m\libc_nano.a
LOAD c:/st/stm32cubeide_1.4.0/stm32cubeide/plugins/com.st.stm32cube.ide.mcu.externaltools.gnu-tools-for-stm32.7-2018-q2-update.win32_1.4.0.202007081208/tools/bin/../lib/gcc/arm-none-eabi/7.3.1/../../../../arm-none-eabi/lib/thumb/v7-m\libnosys.a
END GROUP
LOAD c:/st/stm32cubeide_1.4.0/stm32cubeide/plugins/com.st.stm32cube.ide.mcu.externaltools.gnu-tools-for-stm32.7-2018-q2-update.win32_1.4.0.202007081208/tools/bin/../lib/gcc/arm-none-eabi/7.3.1/thumb/v7-m/crtend.o
LOAD c:/st/stm32cubeide_1.4.0/stm32cubeide/plugins/com.st.stm32cube.ide.mcu.externaltools.gnu-tools-for-stm32.7-2018-q2-update.win32_1.4.0.202007081208/tools/bin/../lib/gcc/arm-none-eabi/7.3.1/thumb/v7-m/crtn.o
                0x0000000020002800                _estack = (ORIGIN (RAM) + LENGTH (RAM))
                0x0000000000000200                _Min_Heap_Size = 0x200
                0x0000000000000400                _Min_Stack_Size = 0x400

.isr_vector     0x0000000008000000      0x130
                0x0000000008000000                . = ALIGN (0x4)
 *(.isr_vector)
 .isr_vector    0x0000000008000000      0x130 Startup/startup_stm32f103c6tx.o
                0x0000000008000000                g_pfnVectors
                0x0000000008000130                . = ALIGN (0x4)

.text           0x0000000008000130      0xcc0
                0x0000000008000130                . = ALIGN (0x4)
 *(.text)
 .text          0x0000000008000130       0x40 c:/st/stm32cubeide_1.4.0/stm32cubeide/plugins/com.st.stm32cube.ide.mcu.externaltools.gnu-tools-for-stm32.7-2018-q2-update.win32_1.4.0.202007081208/tools/bin/../lib/gcc/arm-none-eabi/7.3.1/thumb/v7-m/crtbegin.o
 *(.text*)
 .text._delay_ms
                0x0000000008000170       0x38 HAL/LCD.o
                0x0000000008000170                _delay_ms
 .text.LCD_init
                0x00000000080001a8       0x2e HAL/LCD.o
                0x00000000080001a8                LCD_init
 *fill*         0x00000000080001d6        0x2 
 .text.LCD_Write_command
                0x00000000080001d8       0x44 HAL/LCD.o
                0x00000000080001d8                LCD_Write_command
 .text.LCD_Write_char
                0x000000000800021c       0x44 HAL/LCD.o
                0x000000000800021c                LCD_Write_char
 .text.LCD_Write_string
                0x0000000008000260       0x5a HAL/LCD.o
                0x0000000008000260                LCD_Write_string
 *fill*         0x00000000080002ba        0x2 
 .text.LCD_is_busy
                0x00000000080002bc      0x1fc HAL/LCD.o
                0x00000000080002bc                LCD_is_busy
 .text.LCD_kick
                0x00000000080004b8       0x2c HAL/LCD.o
                0x00000000080004b8                LCD_kick
 .text.LCD_clear_screen
                0x00000000080004e4        0xe HAL/LCD.o
                0x00000000080004e4                LCD_clear_screen
 .text.LCD_Location
                0x00000000080004f2       0x40 HAL/LCD.o
                0x00000000080004f2                LCD_Location
 *fill*         0x0000000008000532        0x2 
 .text.clock_init
                0x0000000008000534       0x34 Src/main.o
                0x0000000008000534                clock_init
 .text.EXTI_PB9_call_back
                0x0000000008000568       0x24 Src/main.o
                0x0000000008000568                EXTI_PB9_call_back
 .text.main     0x000000000800058c       0x54 Src/main.o
                0x000000000800058c                main
 .text.Reset_Handler
                0x00000000080005e0       0x50 Startup/startup_stm32f103c6tx.o
                0x00000000080005e0                Reset_Handler
 .text.Default_Handler
                0x0000000008000630        0x2 Startup/startup_stm32f103c6tx.o
                0x0000000008000630                TIM8_TRG_COM_IRQHandler
                0x0000000008000630                TIM8_CC_IRQHandler
                0x0000000008000630                DebugMon_Handler
                0x0000000008000630                TIM1_CC_IRQHandler
                0x0000000008000630                HardFault_Handler
                0x0000000008000630                TIM6_IRQHandler
                0x0000000008000630                SysTick_Handler
                0x0000000008000630                PVD_IRQHandler
                0x0000000008000630                SDIO_IRQHandler
                0x0000000008000630                PendSV_Handler
                0x0000000008000630                NMI_Handler
                0x0000000008000630                USB_HP_CAN_TX_IRQHandler
                0x0000000008000630                I2C2_EV_IRQHandler
                0x0000000008000630                UsageFault_Handler
                0x0000000008000630                ADC1_2_IRQHandler
                0x0000000008000630                SPI1_IRQHandler
                0x0000000008000630                CAN_SCE_IRQHandler
                0x0000000008000630                TAMPER_IRQHandler
                0x0000000008000630                TIM8_UP_IRQHandler
                0x0000000008000630                DMA2_Channel2_IRQHandler
                0x0000000008000630                DMA1_Channel4_IRQHandler
                0x0000000008000630                USART3_IRQHandler
                0x0000000008000630                RTC_IRQHandler
                0x0000000008000630                DMA1_Channel7_IRQHandler
                0x0000000008000630                UART5_IRQHandler
                0x0000000008000630                ADC3_IRQHandler
                0x0000000008000630                TIM4_IRQHandler
                0x0000000008000630                CAN_RX1_IRQHandler
                0x0000000008000630                DMA2_Channel1_IRQHandler
                0x0000000008000630                I2C1_EV_IRQHandler
                0x0000000008000630                DMA1_Channel6_IRQHandler
                0x0000000008000630                UART4_IRQHandler
                0x0000000008000630                TIM3_IRQHandler
                0x0000000008000630                RCC_IRQHandler
                0x0000000008000630                TIM1_TRG_COM_IRQHandler
                0x0000000008000630                DMA1_Channel1_IRQHandler
                0x0000000008000630                Default_Handler
                0x0000000008000630                TIM7_IRQHandler
                0x0000000008000630                TIM5_IRQHandler
                0x0000000008000630                SPI2_IRQHandler
                0x0000000008000630                USB_LP_CAN_RX0_IRQHandler
                0x0000000008000630                MemManage_Handler
                0x0000000008000630                SVC_Handler
                0x0000000008000630                DMA1_Channel5_IRQHandler
                0x0000000008000630                DMA1_Channel3_IRQHandler
                0x0000000008000630                FSMC_IRQHandler
                0x0000000008000630                TIM1_UP_IRQHandler
                0x0000000008000630                WWDG_IRQHandler
                0x0000000008000630                TIM2_IRQHandler
                0x0000000008000630                TIM1_BRK_IRQHandler
                0x0000000008000630                RTCAlarm_IRQHandler
                0x0000000008000630                DMA2_Channel4_5_IRQHandler
                0x0000000008000630                USART2_IRQHandler
                0x0000000008000630                I2C2_ER_IRQHandler
                0x0000000008000630                DMA1_Channel2_IRQHandler
                0x0000000008000630                TIM8_BRK_IRQHandler
                0x0000000008000630                FLASH_IRQHandler
                0x0000000008000630                BusFault_Handler
                0x0000000008000630                USART1_IRQHandler
                0x0000000008000630                SPI3_IRQHandler
                0x0000000008000630                I2C1_ER_IRQHandler
                0x0000000008000630                DMA2_Channel3_IRQHandler
 *fill*         0x0000000008000632        0x2 
 .text.Enable_NVIC
                0x0000000008000634       0xac Stm32f103c6_Drivers/Stm32f103c6_EXTI_Driver.o
                0x0000000008000634                Enable_NVIC
 .text.Disable_NVIC
                0x00000000080006e0       0xac Stm32f103c6_Drivers/Stm32f103c6_EXTI_Driver.o
                0x00000000080006e0                Disable_NVIC
 .text.Update_EXTI
                0x000000000800078c      0x1dc Stm32f103c6_Drivers/Stm32f103c6_EXTI_Driver.o
                0x000000000800078c                Update_EXTI
 .text.MCAL_EXTI_GPIO_Init
                0x0000000008000968       0x16 Stm32f103c6_Drivers/Stm32f103c6_EXTI_Driver.o
                0x0000000008000968                MCAL_EXTI_GPIO_Init
 *fill*         0x000000000800097e        0x2 
 .text.EXTI0_IRQHandler
                0x0000000008000980       0x24 Stm32f103c6_Drivers/Stm32f103c6_EXTI_Driver.o
                0x0000000008000980                EXTI0_IRQHandler
 .text.EXTI1_IRQHandler
                0x00000000080009a4       0x24 Stm32f103c6_Drivers/Stm32f103c6_EXTI_Driver.o
                0x00000000080009a4                EXTI1_IRQHandler
 .text.EXTI2_IRQHandler
                0x00000000080009c8       0x24 Stm32f103c6_Drivers/Stm32f103c6_EXTI_Driver.o
                0x00000000080009c8                EXTI2_IRQHandler
 .text.EXTI3_IRQHandler
                0x00000000080009ec       0x24 Stm32f103c6_Drivers/Stm32f103c6_EXTI_Driver.o
                0x00000000080009ec                EXTI3_IRQHandler
 .text.EXTI4_IRQHandler
                0x0000000008000a10       0x24 Stm32f103c6_Drivers/Stm32f103c6_EXTI_Driver.o
                0x0000000008000a10                EXTI4_IRQHandler
 .text.EXTI9_5_IRQHandler
                0x0000000008000a34       0xa8 Stm32f103c6_Drivers/Stm32f103c6_EXTI_Driver.o
                0x0000000008000a34                EXTI9_5_IRQHandler
 .text.EXTI15_10_IRQHandler
                0x0000000008000adc       0xc4 Stm32f103c6_Drivers/Stm32f103c6_EXTI_Driver.o
                0x0000000008000adc                EXTI15_10_IRQHandler
 .text.GET_CRLH_position
                0x0000000008000ba0       0xa6 Stm32f103c6_Drivers/Stm32f103c6_GPIO_Driver.o
                0x0000000008000ba0                GET_CRLH_position
 .text.MCAL_GPIO_Init
                0x0000000008000c46       0xfe Stm32f103c6_Drivers/Stm32f103c6_GPIO_Driver.o
                0x0000000008000c46                MCAL_GPIO_Init
 .text.MCAL_GPIO_WritePin
                0x0000000008000d44       0x2e Stm32f103c6_Drivers/Stm32f103c6_GPIO_Driver.o
                0x0000000008000d44                MCAL_GPIO_WritePin
 .text.MCAL_GPIO_WritePort
                0x0000000008000d72       0x1c Stm32f103c6_Drivers/Stm32f103c6_GPIO_Driver.o
                0x0000000008000d72                MCAL_GPIO_WritePort
 *fill*         0x0000000008000d8e        0x2 
 .text.__libc_init_array
                0x0000000008000d90       0x48 c:/st/stm32cubeide_1.4.0/stm32cubeide/plugins/com.st.stm32cube.ide.mcu.externaltools.gnu-tools-for-stm32.7-2018-q2-update.win32_1.4.0.202007081208/tools/bin/../lib/gcc/arm-none-eabi/7.3.1/../../../../arm-none-eabi/lib/thumb/v7-m\libc_nano.a(lib_a-init.o)
                0x0000000008000d90                __libc_init_array
 *(.glue_7)
 .glue_7        0x0000000008000dd8        0x0 linker stubs
 *(.glue_7t)
 .glue_7t       0x0000000008000dd8        0x0 linker stubs
 *(.eh_frame)
 .eh_frame      0x0000000008000dd8        0x0 c:/st/stm32cubeide_1.4.0/stm32cubeide/plugins/com.st.stm32cube.ide.mcu.externaltools.gnu-tools-for-stm32.7-2018-q2-update.win32_1.4.0.202007081208/tools/bin/../lib/gcc/arm-none-eabi/7.3.1/thumb/v7-m/crtbegin.o
 *(.init)
 .init          0x0000000008000dd8        0x4 c:/st/stm32cubeide_1.4.0/stm32cubeide/plugins/com.st.stm32cube.ide.mcu.externaltools.gnu-tools-for-stm32.7-2018-q2-update.win32_1.4.0.202007081208/tools/bin/../lib/gcc/arm-none-eabi/7.3.1/thumb/v7-m/crti.o
                0x0000000008000dd8                _init
 .init          0x0000000008000ddc        0x8 c:/st/stm32cubeide_1.4.0/stm32cubeide/plugins/com.st.stm32cube.ide.mcu.externaltools.gnu-tools-for-stm32.7-2018-q2-update.win32_1.4.0.202007081208/tools/bin/../lib/gcc/arm-none-eabi/7.3.1/thumb/v7-m/crtn.o
 *(.fini)
 .fini          0x0000000008000de4        0x4 c:/st/stm32cubeide_1.4.0/stm32cubeide/plugins/com.st.stm32cube.ide.mcu.externaltools.gnu-tools-for-stm32.7-2018-q2-update.win32_1.4.0.202007081208/tools/bin/../lib/gcc/arm-none-eabi/7.3.1/thumb/v7-m/crti.o
                0x0000000008000de4                _fini
 .fini          0x0000000008000de8        0x8 c:/st/stm32cubeide_1.4.0/stm32cubeide/plugins/com.st.stm32cube.ide.mcu.externaltools.gnu-tools-for-stm32.7-2018-q2-update.win32_1.4.0.202007081208/tools/bin/../lib/gcc/arm-none-eabi/7.3.1/thumb/v7-m/crtn.o
                0x0000000008000df0                . = ALIGN (0x4)
                0x0000000008000df0                _etext = .

.vfp11_veneer   0x0000000008000df0        0x0
 .vfp11_veneer  0x0000000008000df0        0x0 linker stubs

.v4_bx          0x0000000008000df0        0x0
 .v4_bx         0x0000000008000df0        0x0 linker stubs

.iplt           0x0000000008000df0        0x0
 .iplt          0x0000000008000df0        0x0 c:/st/stm32cubeide_1.4.0/stm32cubeide/plugins/com.st.stm32cube.ide.mcu.externaltools.gnu-tools-for-stm32.7-2018-q2-update.win32_1.4.0.202007081208/tools/bin/../lib/gcc/arm-none-eabi/7.3.1/thumb/v7-m/crtbegin.o

.rodata         0x0000000008000df0       0x18
                0x0000000008000df0                . = ALIGN (0x4)
 *(.rodata)
 .rodata        0x0000000008000df0       0x18 Src/main.o
 *(.rodata*)
                0x0000000008000e08                . = ALIGN (0x4)

.rel.dyn        0x0000000008000e08        0x0
 .rel.iplt      0x0000000008000e08        0x0 c:/st/stm32cubeide_1.4.0/stm32cubeide/plugins/com.st.stm32cube.ide.mcu.externaltools.gnu-tools-for-stm32.7-2018-q2-update.win32_1.4.0.202007081208/tools/bin/../lib/gcc/arm-none-eabi/7.3.1/thumb/v7-m/crtbegin.o

.ARM.extab      0x0000000008000e08        0x0
                0x0000000008000e08                . = ALIGN (0x4)
 *(.ARM.extab* .gnu.linkonce.armextab.*)
                0x0000000008000e08                . = ALIGN (0x4)

.ARM            0x0000000008000e08        0x0
                0x0000000008000e08                . = ALIGN (0x4)
                0x0000000008000e08                __exidx_start = .
 *(.ARM.exidx*)
                0x0000000008000e08                __exidx_end = .
                0x0000000008000e08                . = ALIGN (0x4)

.preinit_array  0x0000000008000e08        0x0
                0x0000000008000e08                . = ALIGN (0x4)
                0x0000000008000e08                PROVIDE (__preinit_array_start = .)
 *(.preinit_array*)
                0x0000000008000e08                PROVIDE (__preinit_array_end = .)
                0x0000000008000e08                . = ALIGN (0x4)

.init_array     0x0000000008000e08        0x4
                0x0000000008000e08                . = ALIGN (0x4)
                0x0000000008000e08                PROVIDE (__init_array_start = .)
 *(SORT_BY_NAME(.init_array.*))
 *(.init_array*)
 .init_array    0x0000000008000e08        0x4 c:/st/stm32cubeide_1.4.0/stm32cubeide/plugins/com.st.stm32cube.ide.mcu.externaltools.gnu-tools-for-stm32.7-2018-q2-update.win32_1.4.0.202007081208/tools/bin/../lib/gcc/arm-none-eabi/7.3.1/thumb/v7-m/crtbegin.o
                0x0000000008000e0c                PROVIDE (__init_array_end = .)
                0x0000000008000e0c                . = ALIGN (0x4)

.fini_array     0x0000000008000e0c        0x4
                0x0000000008000e0c                . = ALIGN (0x4)
                [!provide]                        PROVIDE (__fini_array_start = .)
 *(SORT_BY_NAME(.fini_array.*))
 *(.fini_array*)
 .fini_array    0x0000000008000e0c        0x4 c:/st/stm32cubeide_1.4.0/stm32cubeide/plugins/com.st.stm32cube.ide.mcu.externaltools.gnu-tools-for-stm32.7-2018-q2-update.win32_1.4.0.202007081208/tools/bin/../lib/gcc/arm-none-eabi/7.3.1/thumb/v7-m/crtbegin.o
                [!provide]                        PROVIDE (__fini_array_end = .)
                0x0000000008000e10                . = ALIGN (0x4)
                0x0000000008000e10                _sidata = LOADADDR (.data)

.data           0x0000000020000000        0x0 load address 0x0000000008000e10
                0x0000000020000000                . = ALIGN (0x4)
                0x0000000020000000                _sdata = .
 *(.data)
 *(.data*)
                0x0000000020000000                . = ALIGN (0x4)
                0x0000000020000000                _edata = .

.igot.plt       0x0000000020000000        0x0 load address 0x0000000008000e10
 .igot.plt      0x0000000020000000        0x0 c:/st/stm32cubeide_1.4.0/stm32cubeide/plugins/com.st.stm32cube.ide.mcu.externaltools.gnu-tools-for-stm32.7-2018-q2-update.win32_1.4.0.202007081208/tools/bin/../lib/gcc/arm-none-eabi/7.3.1/thumb/v7-m/crtbegin.o
                0x0000000020000000                . = ALIGN (0x4)

.bss            0x0000000020000000       0x60 load address 0x0000000008000e10
                0x0000000020000000                _sbss = .
                0x0000000020000000                __bss_start__ = _sbss
 *(.bss)
 .bss           0x0000000020000000       0x1c c:/st/stm32cubeide_1.4.0/stm32cubeide/plugins/com.st.stm32cube.ide.mcu.externaltools.gnu-tools-for-stm32.7-2018-q2-update.win32_1.4.0.202007081208/tools/bin/../lib/gcc/arm-none-eabi/7.3.1/thumb/v7-m/crtbegin.o
 *(.bss*)
 .bss.IRQ_FLAG  0x000000002000001c        0x1 Src/main.o
                0x000000002000001c                IRQ_FLAG
 *(COMMON)
 *fill*         0x000000002000001d        0x3 
 COMMON         0x0000000020000020        0x4 HAL/Key_pad.o
                0x0000000020000020                PinCfg
 COMMON         0x0000000020000024       0x3c Stm32f103c6_Drivers/Stm32f103c6_EXTI_Driver.o
                0x0000000020000024                GP_IRQ_Call_Back
                0x0000000020000060                . = ALIGN (0x4)
                0x0000000020000060                _ebss = .
                0x0000000020000060                __bss_end__ = _ebss

._user_heap_stack
                0x0000000020000060      0x600 load address 0x0000000008000e10
                0x0000000020000060                . = ALIGN (0x8)
                [!provide]                        PROVIDE (end = .)
                0x0000000020000060                PROVIDE (_end = .)
                0x0000000020000260                . = (. + _Min_Heap_Size)
 *fill*         0x0000000020000060      0x200 
                0x0000000020000660                . = (. + _Min_Stack_Size)
 *fill*         0x0000000020000260      0x400 
                0x0000000020000660                . = ALIGN (0x8)

/DISCARD/
 libc.a(*)
 libm.a(*)
 libgcc.a(*)

.ARM.attributes
                0x0000000000000000       0x29
 *(.ARM.attributes)
 .ARM.attributes
                0x0000000000000000       0x1d c:/st/stm32cubeide_1.4.0/stm32cubeide/plugins/com.st.stm32cube.ide.mcu.externaltools.gnu-tools-for-stm32.7-2018-q2-update.win32_1.4.0.202007081208/tools/bin/../lib/gcc/arm-none-eabi/7.3.1/thumb/v7-m/crti.o
 .ARM.attributes
                0x000000000000001d       0x2d c:/st/stm32cubeide_1.4.0/stm32cubeide/plugins/com.st.stm32cube.ide.mcu.externaltools.gnu-tools-for-stm32.7-2018-q2-update.win32_1.4.0.202007081208/tools/bin/../lib/gcc/arm-none-eabi/7.3.1/thumb/v7-m/crtbegin.o
 .ARM.attributes
                0x000000000000004a       0x33 HAL/Key_pad.o
 .ARM.attributes
                0x000000000000007d       0x33 HAL/LCD.o
 .ARM.attributes
                0x00000000000000b0       0x33 Src/main.o
 .ARM.attributes
                0x00000000000000e3       0x21 Startup/startup_stm32f103c6tx.o
 .ARM.attributes
                0x0000000000000104       0x33 Stm32f103c6_Drivers/Stm32f103c6_EXTI_Driver.o
 .ARM.attributes
                0x0000000000000137       0x33 Stm32f103c6_Drivers/Stm32f103c6_GPIO_Driver.o
 .ARM.attributes
                0x000000000000016a       0x2d c:/st/stm32cubeide_1.4.0/stm32cubeide/plugins/com.st.stm32cube.ide.mcu.externaltools.gnu-tools-for-stm32.7-2018-q2-update.win32_1.4.0.202007081208/tools/bin/../lib/gcc/arm-none-eabi/7.3.1/../../../../arm-none-eabi/lib/thumb/v7-m\libc_nano.a(lib_a-init.o)
 .ARM.attributes
                0x0000000000000197       0x1d c:/st/stm32cubeide_1.4.0/stm32cubeide/plugins/com.st.stm32cube.ide.mcu.externaltools.gnu-tools-for-stm32.7-2018-q2-update.win32_1.4.0.202007081208/tools/bin/../lib/gcc/arm-none-eabi/7.3.1/thumb/v7-m/crtn.o
OUTPUT(Drivers.elf elf32-littlearm)

.debug_info     0x0000000000000000     0x3ed6
 .debug_info    0x0000000000000000      0xb0a HAL/Key_pad.o
 .debug_info    0x0000000000000b0a      0xcb7 HAL/LCD.o
 .debug_info    0x00000000000017c1      0xbe2 Src/main.o
 .debug_info    0x00000000000023a3       0x22 Startup/startup_stm32f103c6tx.o
 .debug_info    0x00000000000023c5      0xdbe Stm32f103c6_Drivers/Stm32f103c6_EXTI_Driver.o
 .debug_info    0x0000000000003183      0xd53 Stm32f103c6_Drivers/Stm32f103c6_GPIO_Driver.o

.debug_abbrev   0x0000000000000000      0x9ac
 .debug_abbrev  0x0000000000000000      0x1a6 HAL/Key_pad.o
 .debug_abbrev  0x00000000000001a6      0x203 HAL/LCD.o
 .debug_abbrev  0x00000000000003a9      0x1c0 Src/main.o
 .debug_abbrev  0x0000000000000569       0x12 Startup/startup_stm32f103c6tx.o
 .debug_abbrev  0x000000000000057b      0x219 Stm32f103c6_Drivers/Stm32f103c6_EXTI_Driver.o
 .debug_abbrev  0x0000000000000794      0x218 Stm32f103c6_Drivers/Stm32f103c6_GPIO_Driver.o

.debug_loc      0x0000000000000000      0xa8c
 .debug_loc     0x0000000000000000       0x7c HAL/Key_pad.o
 .debug_loc     0x000000000000007c      0x318 HAL/LCD.o
 .debug_loc     0x0000000000000394       0xa8 Src/main.o
 .debug_loc     0x000000000000043c      0x320 Stm32f103c6_Drivers/Stm32f103c6_EXTI_Driver.o
 .debug_loc     0x000000000000075c      0x330 Stm32f103c6_Drivers/Stm32f103c6_GPIO_Driver.o

.debug_aranges  0x0000000000000000      0x1d8
 .debug_aranges
                0x0000000000000000       0x28 HAL/Key_pad.o
 .debug_aranges
                0x0000000000000028       0x78 HAL/LCD.o
 .debug_aranges
                0x00000000000000a0       0x30 Src/main.o
 .debug_aranges
                0x00000000000000d0       0x28 Startup/startup_stm32f103c6tx.o
 .debug_aranges
                0x00000000000000f8       0x80 Stm32f103c6_Drivers/Stm32f103c6_EXTI_Driver.o
 .debug_aranges
                0x0000000000000178       0x60 Stm32f103c6_Drivers/Stm32f103c6_GPIO_Driver.o

.debug_ranges   0x0000000000000000      0x180
 .debug_ranges  0x0000000000000000       0x18 HAL/Key_pad.o
 .debug_ranges  0x0000000000000018       0x68 HAL/LCD.o
 .debug_ranges  0x0000000000000080       0x20 Src/main.o
 .debug_ranges  0x00000000000000a0       0x20 Startup/startup_stm32f103c6tx.o
 .debug_ranges  0x00000000000000c0       0x70 Stm32f103c6_Drivers/Stm32f103c6_EXTI_Driver.o
 .debug_ranges  0x0000000000000130       0x50 Stm32f103c6_Drivers/Stm32f103c6_GPIO_Driver.o

.debug_macro    0x0000000000000000     0x293e
 .debug_macro   0x0000000000000000      0x152 HAL/Key_pad.o
 .debug_macro   0x0000000000000152      0xa60 HAL/Key_pad.o
 .debug_macro   0x0000000000000bb2       0x18 HAL/Key_pad.o
 .debug_macro   0x0000000000000bca       0x22 HAL/Key_pad.o
 .debug_macro   0x0000000000000bec       0x40 HAL/Key_pad.o
 .debug_macro   0x0000000000000c2c       0x94 HAL/Key_pad.o
 .debug_macro   0x0000000000000cc0       0x3c HAL/Key_pad.o
 .debug_macro   0x0000000000000cfc       0x34 HAL/Key_pad.o
 .debug_macro   0x0000000000000d30       0x16 HAL/Key_pad.o
 .debug_macro   0x0000000000000d46      0x10e HAL/Key_pad.o
 .debug_macro   0x0000000000000e54       0x8d HAL/Key_pad.o
 .debug_macro   0x0000000000000ee1       0x57 HAL/Key_pad.o
 .debug_macro   0x0000000000000f38       0x52 HAL/Key_pad.o
 .debug_macro   0x0000000000000f8a       0x1f HAL/Key_pad.o
 .debug_macro   0x0000000000000fa9       0x43 HAL/Key_pad.o
 .debug_macro   0x0000000000000fec       0x20 HAL/Key_pad.o
 .debug_macro   0x000000000000100c      0x1a3 HAL/Key_pad.o
 .debug_macro   0x00000000000011af      0x330 HAL/Key_pad.o
 .debug_macro   0x00000000000014df       0x16 HAL/Key_pad.o
 .debug_macro   0x00000000000014f5       0x29 HAL/Key_pad.o
 .debug_macro   0x000000000000151e       0xef HAL/Key_pad.o
 .debug_macro   0x000000000000160d       0x6a HAL/Key_pad.o
 .debug_macro   0x0000000000001677      0x1df HAL/Key_pad.o
 .debug_macro   0x0000000000001856      0x1a4 HAL/Key_pad.o
 .debug_macro   0x00000000000019fa       0xc4 HAL/Key_pad.o
 .debug_macro   0x0000000000001abe       0x3a HAL/Key_pad.o
 .debug_macro   0x0000000000001af8      0x217 HAL/LCD.o
 .debug_macro   0x0000000000001d0f       0x88 HAL/LCD.o
 .debug_macro   0x0000000000001d97       0x1c HAL/LCD.o
 .debug_macro   0x0000000000001db3       0x35 HAL/LCD.o
 .debug_macro   0x0000000000001de8       0x10 HAL/LCD.o
 .debug_macro   0x0000000000001df8       0x10 HAL/LCD.o
 .debug_macro   0x0000000000001e08       0x1c HAL/LCD.o
 .debug_macro   0x0000000000001e24       0x52 HAL/LCD.o
 .debug_macro   0x0000000000001e76       0x40 HAL/LCD.o
 .debug_macro   0x0000000000001eb6       0x10 HAL/LCD.o
 .debug_macro   0x0000000000001ec6       0x40 HAL/LCD.o
 .debug_macro   0x0000000000001f06       0xd7 HAL/LCD.o
 .debug_macro   0x0000000000001fdd       0x1c HAL/LCD.o
 .debug_macro   0x0000000000001ff9       0x3d HAL/LCD.o
 .debug_macro   0x0000000000002036       0x16 HAL/LCD.o
 .debug_macro   0x000000000000204c      0x145 HAL/LCD.o
 .debug_macro   0x0000000000002191      0x168 Src/main.o
 .debug_macro   0x00000000000022f9      0x220 Src/main.o
 .debug_macro   0x0000000000002519       0x8e Src/main.o
 .debug_macro   0x00000000000025a7       0x40 Src/main.o
 .debug_macro   0x00000000000025e7      0x14e Stm32f103c6_Drivers/Stm32f103c6_EXTI_Driver.o
 .debug_macro   0x0000000000002735       0xca Stm32f103c6_Drivers/Stm32f103c6_EXTI_Driver.o
 .debug_macro   0x00000000000027ff      0x13f Stm32f103c6_Drivers/Stm32f103c6_GPIO_Driver.o

.debug_line     0x0000000000000000     0x2248
 .debug_line    0x0000000000000000      0x642 HAL/Key_pad.o
 .debug_line    0x0000000000000642      0x7bf HAL/LCD.o
 .debug_line    0x0000000000000e01      0x600 Src/main.o
 .debug_line    0x0000000000001401       0x84 Startup/startup_stm32f103c6tx.o
 .debug_line    0x0000000000001485      0x744 Stm32f103c6_Drivers/Stm32f103c6_EXTI_Driver.o
 .debug_line    0x0000000000001bc9      0x67f Stm32f103c6_Drivers/Stm32f103c6_GPIO_Driver.o

.debug_str      0x0000000000000000     0xa5e7
 .debug_str     0x0000000000000000     0x795f HAL/Key_pad.o
                                       0x7bc6 (size before relaxing)
 .debug_str     0x000000000000795f     0x14b8 HAL/LCD.o
                                       0x8fd3 (size before relaxing)
 .debug_str     0x0000000000008e17     0x147b Src/main.o
                                       0x91cb (size before relaxing)
 .debug_str     0x000000000000a292       0x31 Startup/startup_stm32f103c6tx.o
                                         0x74 (size before relaxing)
 .debug_str     0x000000000000a2c3      0x202 Stm32f103c6_Drivers/Stm32f103c6_EXTI_Driver.o
                                       0x90ff (size before relaxing)
 .debug_str     0x000000000000a4c5      0x122 Stm32f103c6_Drivers/Stm32f103c6_GPIO_Driver.o
                                       0x7c54 (size before relaxing)

.comment        0x0000000000000000       0x7b
 .comment       0x0000000000000000       0x7b HAL/Key_pad.o
                                         0x7c (size before relaxing)
 .comment       0x000000000000007b       0x7c HAL/LCD.o
 .comment       0x000000000000007b       0x7c Src/main.o
 .comment       0x000000000000007b       0x7c Stm32f103c6_Drivers/Stm32f103c6_EXTI_Driver.o
 .comment       0x000000000000007b       0x7c Stm32f103c6_Drivers/Stm32f103c6_GPIO_Driver.o

.debug_frame    0x0000000000000000      0x5b0
 .debug_frame   0x0000000000000000       0x50 HAL/Key_pad.o
 .debug_frame   0x0000000000000050      0x1a0 HAL/LCD.o
 .debug_frame   0x00000000000001f0       0x6c Src/main.o
 .debug_frame   0x000000000000025c      0x1b0 Stm32f103c6_Drivers/Stm32f103c6_EXTI_Driver.o
 .debug_frame   0x000000000000040c      0x178 Stm32f103c6_Drivers/Stm32f103c6_GPIO_Driver.o
 .debug_frame   0x0000000000000584       0x2c c:/st/stm32cubeide_1.4.0/stm32cubeide/plugins/com.st.stm32cube.ide.mcu.externaltools.gnu-tools-for-stm32.7-2018-q2-update.win32_1.4.0.202007081208/tools/bin/../lib/gcc/arm-none-eabi/7.3.1/../../../../arm-none-eabi/lib/thumb/v7-m\libc_nano.a(lib_a-init.o)
